Component: ARM Compiler 5.06 update 6 (build 750) Tool: armlink [4d35ed]

==============================================================================

Section Cross References

    startup_stm32f10x_ld.o(RESET) refers to startup_stm32f10x_ld.o(STACK) for __initial_sp
    startup_stm32f10x_ld.o(RESET) refers to startup_stm32f10x_ld.o(.text) for Reset_Handler
    startup_stm32f10x_ld.o(RESET) refers to stm32f10x_it.o(i.NMI_Handler) for NMI_Handler
    startup_stm32f10x_ld.o(RESET) refers to stm32f10x_it.o(i.HardFault_Handler) for HardFault_Handler
    startup_stm32f10x_ld.o(RESET) refers to stm32f10x_it.o(i.MemManage_Handler) for MemManage_Handler
    startup_stm32f10x_ld.o(RESET) refers to stm32f10x_it.o(i.BusFault_Handler) for BusFault_Handler
    startup_stm32f10x_ld.o(RESET) refers to stm32f10x_it.o(i.UsageFault_Handler) for UsageFault_Handler
    startup_stm32f10x_ld.o(RESET) refers to stm32f10x_it.o(i.SVC_Handler) for SVC_Handler
    startup_stm32f10x_ld.o(RESET) refers to stm32f10x_it.o(i.DebugMon_Handler) for DebugMon_Handler
    startup_stm32f10x_ld.o(RESET) refers to stm32f10x_it.o(i.PendSV_Handler) for PendSV_Handler
    startup_stm32f10x_ld.o(RESET) refers to stm32f10x_it.o(i.SysTick_Handler) for SysTick_Handler
    startup_stm32f10x_ld.o(RESET) refers to usart.o(i.TIM3_IRQHandler) for TIM3_IRQHandler
    startup_stm32f10x_ld.o(RESET) refers to stm32f10x_it.o(i.USART1_IRQHandler) for USART1_IRQHandler
    startup_stm32f10x_ld.o(RESET) refers to stm32f10x_it.o(i.USART2_IRQHandler) for USART2_IRQHandler
    startup_stm32f10x_ld.o(.text) refers to system_stm32f10x.o(i.SystemInit) for SystemInit
    startup_stm32f10x_ld.o(.text) refers to entry.o(.ARM.Collect$$$$00000000) for __main
    system_stm32f10x.o(i.SetSysClock) refers to system_stm32f10x.o(i.SetSysClockTo72) for SetSysClockTo72
    system_stm32f10x.o(i.SystemCoreClockUpdate) refers to system_stm32f10x.o(.data) for SystemCoreClock
    system_stm32f10x.o(i.SystemInit) refers to system_stm32f10x.o(i.SetSysClock) for SetSysClock
    stm32f10x_adc.o(i.ADC_DeInit) refers to stm32f10x_rcc.o(i.RCC_APB2PeriphResetCmd) for RCC_APB2PeriphResetCmd
    stm32f10x_bkp.o(i.BKP_DeInit) refers to stm32f10x_rcc.o(i.RCC_BackupResetCmd) for RCC_BackupResetCmd
    stm32f10x_can.o(i.CAN_DeInit) refers to stm32f10x_rcc.o(i.RCC_APB1PeriphResetCmd) for RCC_APB1PeriphResetCmd
    stm32f10x_can.o(i.CAN_GetITStatus) refers to stm32f10x_can.o(i.CheckITStatus) for CheckITStatus
    stm32f10x_cec.o(i.CEC_DeInit) refers to stm32f10x_rcc.o(i.RCC_APB1PeriphResetCmd) for RCC_APB1PeriphResetCmd
    stm32f10x_dac.o(i.DAC_DeInit) refers to stm32f10x_rcc.o(i.RCC_APB1PeriphResetCmd) for RCC_APB1PeriphResetCmd
    stm32f10x_flash.o(i.FLASH_EnableWriteProtection) refers to stm32f10x_flash.o(i.FLASH_WaitForLastOperation) for FLASH_WaitForLastOperation
    stm32f10x_flash.o(i.FLASH_EraseAllBank1Pages) refers to stm32f10x_flash.o(i.FLASH_WaitForLastBank1Operation) for FLASH_WaitForLastBank1Operation
    stm32f10x_flash.o(i.FLASH_EraseAllPages) refers to stm32f10x_flash.o(i.FLASH_WaitForLastOperation) for FLASH_WaitForLastOperation
    stm32f10x_flash.o(i.FLASH_EraseOptionBytes) refers to stm32f10x_flash.o(i.FLASH_GetReadOutProtectionStatus) for FLASH_GetReadOutProtectionStatus
    stm32f10x_flash.o(i.FLASH_EraseOptionBytes) refers to stm32f10x_flash.o(i.FLASH_WaitForLastOperation) for FLASH_WaitForLastOperation
    stm32f10x_flash.o(i.FLASH_ErasePage) refers to stm32f10x_flash.o(i.FLASH_WaitForLastOperation) for FLASH_WaitForLastOperation
    stm32f10x_flash.o(i.FLASH_ProgramHalfWord) refers to stm32f10x_flash.o(i.FLASH_WaitForLastOperation) for FLASH_WaitForLastOperation
    stm32f10x_flash.o(i.FLASH_ProgramOptionByteData) refers to stm32f10x_flash.o(i.FLASH_WaitForLastOperation) for FLASH_WaitForLastOperation
    stm32f10x_flash.o(i.FLASH_ProgramWord) refers to stm32f10x_flash.o(i.FLASH_WaitForLastOperation) for FLASH_WaitForLastOperation
    stm32f10x_flash.o(i.FLASH_ReadOutProtection) refers to stm32f10x_flash.o(i.FLASH_WaitForLastOperation) for FLASH_WaitForLastOperation
    stm32f10x_flash.o(i.FLASH_UserOptionByteConfig) refers to stm32f10x_flash.o(i.FLASH_WaitForLastOperation) for FLASH_WaitForLastOperation
    stm32f10x_flash.o(i.FLASH_WaitForLastBank1Operation) refers to stm32f10x_flash.o(i.FLASH_GetBank1Status) for FLASH_GetBank1Status
    stm32f10x_flash.o(i.FLASH_WaitForLastOperation) refers to stm32f10x_flash.o(i.FLASH_GetBank1Status) for FLASH_GetBank1Status
    stm32f10x_gpio.o(i.GPIO_AFIODeInit) refers to stm32f10x_rcc.o(i.RCC_APB2PeriphResetCmd) for RCC_APB2PeriphResetCmd
    stm32f10x_gpio.o(i.GPIO_DeInit) refers to stm32f10x_rcc.o(i.RCC_APB2PeriphResetCmd) for RCC_APB2PeriphResetCmd
    stm32f10x_i2c.o(i.I2C_DeInit) refers to stm32f10x_rcc.o(i.RCC_APB1PeriphResetCmd) for RCC_APB1PeriphResetCmd
    stm32f10x_i2c.o(i.I2C_Init) refers to stm32f10x_rcc.o(i.RCC_GetClocksFreq) for RCC_GetClocksFreq
[...]
    Removing stm32f10x_gpio.o(i.GPIO_ReadInputData), (8 bytes).
    Removing stm32f10x_gpio.o(i.GPIO_ReadInputDataBit), (18 bytes).
    Removing stm32f10x_gpio.o(i.GPIO_ReadOutputData), (8 bytes).
    Removing stm32f10x_gpio.o(i.GPIO_ReadOutputDataBit), (18 bytes).
    Removing stm32f10x_gpio.o(i.GPIO_ResetBits), (4 bytes).
    Removing stm32f10x_gpio.o(i.GPIO_StructInit), (16 bytes).
    Removing stm32f10x_gpio.o(i.GPIO_Write), (4 bytes).
    Removing stm32f10x_gpio.o(i.GPIO_WriteBit), (10 bytes).
    Removing stm32f10x_i2c.o(i.I2C_ARPCmd), (24 bytes).
    Removing stm32f10x_i2c.o(i.I2C_AcknowledgeConfig), (24 bytes).
    Removing stm32f10x_i2c.o(i.I2C_CalculatePEC), (24 bytes).
    Removing stm32f10x_i2c.o(i.I2C_CheckEvent), (42 bytes).
    Removing stm32f10x_i2c.o(i.I2C_ClearFlag), (12 bytes).
    Removing stm32f10x_i2c.o(i.I2C_ClearITPendingBit), (12 bytes).
    Removing stm32f10x_i2c.o(i.I2C_Cmd), (24 bytes).
    Removing stm32f10x_i2c.o(i.I2C_DMACmd), (24 bytes).
    Removing stm32f10x_i2c.o(i.I2C_DMALastTransferCmd), (24 bytes).
    Removing stm32f10x_i2c.o(i.I2C_DeInit), (56 bytes).
    Removing stm32f10x_i2c.o(i.I2C_DualAddressCmd), (24 bytes).
    Removing stm32f10x_i2c.o(i.I2C_FastModeDutyCycleConfig), (28 bytes).
    Removing stm32f10x_i2c.o(i.I2C_GeneralCallCmd), (24 bytes).
    Removing stm32f10x_i2c.o(i.I2C_GenerateSTART), (24 bytes).
    Removing stm32f10x_i2c.o(i.I2C_GenerateSTOP), (24 bytes).
    Removing stm32f10x_i2c.o(i.I2C_GetFlagStatus), (58 bytes).
    Removing stm32f10x_i2c.o(i.I2C_GetITStatus), (38 bytes).
    Removing stm32f10x_i2c.o(i.I2C_GetLastEvent), (26 bytes).
    Removing stm32f10x_i2c.o(i.I2C_GetPEC), (8 bytes).
    Removing stm32f10x_i2c.o(i.I2C_ITConfig), (18 bytes).
    Removing stm32f10x_i2c.o(i.I2C_Init), (236 bytes).
    Removing stm32f10x_i2c.o(i.I2C_NACKPositionConfig), (28 bytes).
    Removing stm32f10x_i2c.o(i.I2C_OwnAddress2Config), (22 bytes).
    Removing stm32f10x_i2c.o(i.I2C_PECPositionConfig), (28 bytes).
    Removing stm32f10x_i2c.o(i.I2C_ReadRegister), (22 bytes).
    Removing stm32f10x_i2c.o(i.I2C_ReceiveData), (8 bytes).
    Removing stm32f10x_i2c.o(i.I2C_SMBusAlertConfig), (28 bytes).
    Removing stm32f10x_i2c.o(i.I2C_Send7bitAddress), (18 bytes).
    Removing stm32f10x_i2c.o(i.I2C_SendData), (4 bytes).
    Removing stm32f10x_i2c.o(i.I2C_SoftwareResetCmd), (22 bytes).
    Removing stm32f10x_i2c.o(i.I2C_StretchClockCmd), (24 bytes).
    Removing stm32f10x_i2c.o(i.I2C_StructInit), (30 bytes).
    Removing stm32f10x_i2c.o(i.I2C_TransmitPEC), (24 bytes).
    Removing stm32f10x_iwdg.o(i.IWDG_Enable), (16 bytes).
    Removing stm32f10x_iwdg.o(i.IWDG_GetFlagStatus), (24 bytes).
    Removing stm32f10x_iwdg.o(i.IWDG_ReloadCounter), (16 bytes).
    Removing stm32f10x_iwdg.o(i.IWDG_SetPrescaler), (12 bytes).
    Removing stm32f10x_iwdg.o(i.IWDG_SetReload), (12 bytes).
    Removing stm32f10x_iwdg.o(i.IWDG_WriteAccessCmd), (12 bytes).
    Removing stm32f10x_pwr.o(i.PWR_BackupAccessCmd), (12 bytes).
    Removing stm32f10x_pwr.o(i.PWR_ClearFlag), (20 bytes).
    Removing stm32f10x_pwr.o(i.PWR_DeInit), (22 bytes).
    Removing stm32f10x_pwr.o(i.PWR_EnterSTANDBYMode), (52 bytes).
    Removing stm32f10x_pwr.o(i.PWR_EnterSTOPMode), (64 bytes).
    Removing stm32f10x_pwr.o(i.PWR_GetFlagStatus), (24 bytes).
    Removing stm32f10x_pwr.o(i.PWR_PVDCmd), (12 bytes).
    Removing stm32f10x_pwr.o(i.PWR_PVDLevelConfig), (24 bytes).
    Removing stm32f10x_pwr.o(i.PWR_WakeUpPinCmd), (12 bytes).
    Removing stm32f10x_rcc.o(i.RCC_ADCCLKConfig), (24 bytes).
    Removing stm32f10x_rcc.o(i.RCC_AHBPeriphClockCmd), (32 bytes).
    Removing stm32f10x_rcc.o(i.RCC_APB1PeriphClockCmd), (32 bytes).
    Removing stm32f10x_rcc.o(i.RCC_APB1PeriphResetCmd), (32 bytes).
    Removing stm32f10x_rcc.o(i.RCC_APB2PeriphResetCmd), (32 bytes).
    Removing stm32f10x_rcc.o(i.RCC_AdjustHSICalibrationValue), (24 bytes).
    Removing stm32f10x_rcc.o(i.RCC_BackupResetCmd), (12 bytes).
    Removing stm32f10x_rcc.o(i.RCC_ClearFlag), (20 bytes).
    Removing stm32f10x_rcc.o(i.RCC_ClearITPendingBit), (12 bytes).
    Removing stm32f10x_rcc.o(i.RCC_ClockSecuritySystemCmd), (12 bytes).
    Removing stm32f10x_rcc.o(i.RCC_GetClocksFreq), (212 bytes).
    Removing stm32f10x_rcc.o(i.RCC_GetITStatus), (24 bytes).
    Removing stm32f10x_rcc.o(i.RCC_HSEConfig), (76 bytes).
    Removing stm32f10x_rcc.o(i.RCC_ITConfig), (32 bytes).
    Removing stm32f10x_rcc.o(i.RCC_LSEConfig), (52 bytes).
    Removing stm32f10x_rcc.o(i.RCC_LSICmd), (12 bytes).
    Removing stm32f10x_rcc.o(i.RCC_MCOConfig), (12 bytes).
    Removing stm32f10x_rcc.o(i.RCC_RTCCLKCmd), (12 bytes).
    Removing stm32f10x_rcc.o(i.RCC_RTCCLKConfig), (16 bytes).
    Removing stm32f10x_rcc.o(i.RCC_USBCLKConfig), (12 bytes).
    Removing stm32f10x_rcc.o(i.RCC_WaitForHSEStartUp), (56 bytes).
    Removing stm32f10x_rcc.o(.data), (20 bytes).
    Removing stm32f10x_rtc.o(i.RTC_ClearFlag), (16 bytes).
    Removing stm32f10x_rtc.o(i.RTC_ClearITPendingBit), (16 bytes).
    Removing stm32f10x_rtc.o(i.RTC_EnterConfigMode), (20 bytes).
    Removing stm32f10x_rtc.o(i.RTC_ExitConfigMode), (20 bytes).
    Removing stm32f10x_rtc.o(i.RTC_GetCounter), (20 bytes).
    Removing stm32f10x_rtc.o(i.RTC_GetDivider), (24 bytes).
    Removing stm32f10x_rtc.o(i.RTC_GetFlagStatus), (24 bytes).
    Removing stm32f10x_rtc.o(i.RTC_GetITStatus), (36 bytes).
    Removing stm32f10x_rtc.o(i.RTC_ITConfig), (32 bytes).
    Removing stm32f10x_rtc.o(i.RTC_SetAlarm), (28 bytes).
    Removing stm32f10x_rtc.o(i.RTC_SetCounter), (28 bytes).
    Removing stm32f10x_rtc.o(i.RTC_SetPrescaler), (32 bytes).
    Removing stm32f10x_rtc.o(i.RTC_WaitForLastTask), (20 bytes).
    Removing stm32f10x_rtc.o(i.RTC_WaitForSynchro), (36 bytes).
    Removing stm32f10x_sdio.o(i.SDIO_CEATAITCmd), (16 bytes).
    Removing stm32f10x_sdio.o(i.SDIO_ClearFlag), (12 bytes).
    Removing stm32f10x_sdio.o(i.SDIO_ClearITPendingBit), (12 bytes).
    Removing stm32f10x_sdio.o(i.SDIO_ClockCmd), (12 bytes).
    Removing stm32f10x_sdio.o(i.SDIO_CmdStructInit), (14 bytes).
    Removing stm32f10x_sdio.o(i.SDIO_CommandCompletionCmd), (12 bytes).
    Removing stm32f10x_sdio.o(i.SDIO_DMACmd), (12 bytes).
    Removing stm32f10x_sdio.o(i.SDIO_DataConfig), (48 bytes).
    Removing stm32f10x_sdio.o(i.SDIO_DataStructInit), (20 bytes).
    Removing stm32f10x_sdio.o(i.SDIO_DeInit), (36 bytes).
    Removing stm32f10x_sdio.o(i.SDIO_GetCommandResponse), (12 bytes).
    Removing stm32f10x_sdio.o(i.SDIO_GetDataCounter), (12 bytes).
    Removing stm32f10x_sdio.o(i.SDIO_GetFIFOCount), (12 bytes).
    Removing stm32f10x_sdio.o(i.SDIO_GetFlagStatus), (24 bytes).
    Removing stm32f10x_sdio.o(i.SDIO_GetITStatus), (24 bytes).
    Removing stm32f10x_sdio.o(i.SDIO_GetPowerState), (16 bytes).
    Removing stm32f10x_sdio.o(i.SDIO_GetResponse), (24 bytes).
    Removing stm32f10x_sdio.o(i.SDIO_ITConfig), (32 bytes).
    Removing stm32f10x_sdio.o(i.SDIO_Init), (48 bytes).
    Removing stm32f10x_sdio.o(i.SDIO_ReadData), (12 bytes).
    Removing stm32f10x_sdio.o(i.SDIO_SendCEATACmd), (12 bytes).
    Removing stm32f10x_sdio.o(i.SDIO_SendCommand), (44 bytes).
    Removing stm32f10x_sdio.o(i.SDIO_SendSDIOSuspendCmd), (12 bytes).
    Removing stm32f10x_sdio.o(i.SDIO_SetPowerState), (28 bytes).
    Removing stm32f10x_sdio.o(i.SDIO_SetSDIOOperation), (12 bytes).
    Removing stm32f10x_sdio.o(i.SDIO_SetSDIOReadWaitMode), (12 bytes).
    Removing stm32f10x_sdio.o(i.SDIO_StartSDIOReadWait), (12 bytes).
    Removing stm32f10x_sdio.o(i.SDIO_StopSDIOReadWait), (12 bytes).
    Removing stm32f10x_sdio.o(i.SDIO_StructInit), (16 bytes).
    Removing stm32f10x_sdio.o(i.SDIO_WriteData), (12 bytes).
    Removing stm32f10x_spi.o(i.I2S_Cmd), (24 bytes).
    Removing stm32f10x_spi.o(i.I2S_Init), (232 bytes).
    Removing stm32f10x_spi.o(i.I2S_StructInit), (20 bytes).
    Removing stm32f10x_spi.o(i.SPI_BiDirectionalLineConfig), (28 bytes).
    Removing stm32f10x_spi.o(i.SPI_CalculateCRC), (24 bytes).
    Removing stm32f10x_spi.o(i.SPI_Cmd), (24 bytes).
    Removing stm32f10x_spi.o(i.SPI_DataSizeConfig), (18 bytes).
    Removing stm32f10x_spi.o(i.SPI_GetCRC), (16 bytes).
    Removing stm32f10x_spi.o(i.SPI_GetCRCPolynomial), (6 bytes).
    Removing stm32f10x_spi.o(i.SPI_I2S_ClearFlag), (6 bytes).
    Removing stm32f10x_spi.o(i.SPI_I2S_ClearITPendingBit), (20 bytes).
    Removing stm32f10x_spi.o(i.SPI_I2S_DMACmd), (18 bytes).
    Removing stm32f10x_spi.o(i.SPI_I2S_DeInit), (88 bytes).
    Removing stm32f10x_spi.o(i.SPI_I2S_GetFlagStatus), (18 bytes).
    Removing stm32f10x_spi.o(i.SPI_I2S_GetITStatus), (52 bytes).
    Removing stm32f10x_spi.o(i.SPI_I2S_ITConfig), (32 bytes).
    Removing stm32f10x_spi.o(i.SPI_I2S_ReceiveData), (6 bytes).
    Removing stm32f10x_spi.o(i.SPI_I2S_SendData), (4 bytes).
    Removing stm32f10x_spi.o(i.SPI_Init), (60 bytes).
    Removing stm32f10x_spi.o(i.SPI_NSSInternalSoftwareConfig), (30 bytes).
    Removing stm32f10x_spi.o(i.SPI_SSOutputCmd), (24 bytes).
    Removing stm32f10x_spi.o(i.SPI_StructInit), (24 bytes).
    Removing stm32f10x_spi.o(i.SPI_TransmitCRC), (10 bytes).
    Removing stm32f10x_tim.o(i.TI1_Config), (128 bytes).
    Removing stm32f10x_tim.o(i.TI2_Config), (152 bytes).
    Removing stm32f10x_tim.o(i.TI3_Config), (144 bytes).
    Removing stm32f10x_tim.o(i.TI4_Config), (152 bytes).
    Removing stm32f10x_tim.o(i.TIM_ARRPreloadConfig), (24 bytes).
    Removing stm32f10x_tim.o(i.TIM_BDTRConfig), (32 bytes).
    Removing stm32f10x_tim.o(i.TIM_BDTRStructInit), (18 bytes).
    Removing stm32f10x_tim.o(i.TIM_CCPreloadControl), (24 bytes).
    Removing stm32f10x_tim.o(i.TIM_CCxCmd), (30 bytes).
    Removing stm32f10x_tim.o(i.TIM_CCxNCmd), (30 bytes).
    Removing stm32f10x_tim.o(i.TIM_ClearFlag), (6 bytes).
    Removing stm32f10x_tim.o(i.TIM_ClearITPendingBit), (6 bytes).
    Removing stm32f10x_tim.o(i.TIM_ClearOC1Ref), (18 bytes).
    Removing stm32f10x_tim.o(i.TIM_ClearOC2Ref), (24 bytes).
    Removing stm32f10x_tim.o(i.TIM_ClearOC3Ref), (18 bytes).
    Removing stm32f10x_tim.o(i.TIM_ClearOC4Ref), (24 bytes).
    Removing stm32f10x_tim.o(i.TIM_Cmd), (24 bytes).
    Removing stm32f10x_tim.o(i.TIM_CounterModeConfig), (18 bytes).
    Removing stm32f10x_tim.o(i.TIM_CtrlPWMOutputs), (30 bytes).
    Removing stm32f10x_tim.o(i.TIM_DMACmd), (18 bytes).
    Removing stm32f10x_tim.o(i.TIM_DMAConfig), (10 bytes).
    Removing stm32f10x_tim.o(i.TIM_DeInit), (488 bytes).
    Removing stm32f10x_tim.o(i.TIM_ETRClockMode1Config), (54 bytes).
    Removing stm32f10x_tim.o(i.TIM_ETRClockMode2Config), (32 bytes).
    Removing stm32f10x_tim.o(i.TIM_ETRConfig), (28 bytes).
    Removing stm32f10x_tim.o(i.TIM_EncoderInterfaceConfig), (66 bytes).
    Removing stm32f10x_tim.o(i.TIM_ForcedOC1Config), (18 bytes).
    Removing stm32f10x_tim.o(i.TIM_ForcedOC2Config), (26 bytes).
    Removing stm32f10x_tim.o(i.TIM_ForcedOC3Config), (18 bytes).
    Removing stm32f10x_tim.o(i.TIM_ForcedOC4Config), (26 bytes).
    Removing stm32f10x_tim.o(i.TIM_GenerateEvent), (4 bytes).
    Removing stm32f10x_tim.o(i.TIM_GetCapture1), (6 bytes).
    Removing stm32f10x_tim.o(i.TIM_GetCapture2), (6 bytes).
    Removing stm32f10x_tim.o(i.TIM_GetCapture3), (6 bytes).
    Removing stm32f10x_tim.o(i.TIM_GetCapture4), (8 bytes).
    Removing stm32f10x_tim.o(i.TIM_GetCounter), (6 bytes).
    Removing stm32f10x_tim.o(i.TIM_GetFlagStatus), (18 bytes).
    Removing stm32f10x_tim.o(i.TIM_GetITStatus), (34 bytes).
    Removing stm32f10x_tim.o(i.TIM_GetPrescaler), (6 bytes).
    Removing stm32f10x_tim.o(i.TIM_ICInit), (172 bytes).
    Removing stm32f10x_tim.o(i.TIM_ICStructInit), (18 bytes).
    Removing stm32f10x_tim.o(i.TIM_ITConfig), (18 bytes).
    Removing stm32f10x_tim.o(i.TIM_ITRxExternalClockConfig), (24 bytes).
    Removing stm32f10x_tim.o(i.TIM_InternalClockConfig), (12 bytes).
    Removing stm32f10x_tim.o(i.TIM_OC1FastConfig), (18 bytes).
    Removing stm32f10x_tim.o(i.TIM_OC1Init), (152 bytes).
    Removing stm32f10x_tim.o(i.TIM_OC1NPolarityConfig), (18 bytes).
    Removing stm32f10x_tim.o(i.TIM_OC1PolarityConfig), (18 bytes).
    Removing stm32f10x_tim.o(i.TIM_OC1PreloadConfig), (18 bytes).
    Removing stm32f10x_tim.o(i.TIM_OC2FastConfig), (26 bytes).
    Removing stm32f10x_tim.o(i.TIM_OC2Init), (164 bytes).
    Removing stm32f10x_tim.o(i.TIM_OC2NPolarityConfig), (26 bytes).
    Removing stm32f10x_tim.o(i.TIM_OC2PolarityConfig), (26 bytes).
    Removing stm32f10x_tim.o(i.TIM_OC2PreloadConfig), (26 bytes).
    Removing stm32f10x_tim.o(i.TIM_OC3FastConfig), (18 bytes).
    Removing stm32f10x_tim.o(i.TIM_OC3Init), (160 bytes).
    Removing stm32f10x_tim.o(i.TIM_OC3NPolarityConfig), (26 bytes).
    Removing stm32f10x_tim.o(i.TIM_OC3PolarityConfig), (26 bytes).
    Removing stm32f10x_tim.o(i.TIM_OC3PreloadConfig), (18 bytes).
    Removing stm32f10x_tim.o(i.TIM_OC4FastConfig), (26 bytes).
    Removing stm32f10x_tim.o(i.TIM_OC4Init), (124 bytes).
    Removing stm32f10x_tim.o(i.TIM_OC4PolarityConfig), (26 bytes).
    Removing stm32f10x_tim.o(i.TIM_OC4PreloadConfig), (26 bytes).
    Removing stm32f10x_tim.o(i.TIM_OCStructInit), (20 bytes).
    Removing stm32f10x_tim.o(i.TIM_PWMIConfig), (124 bytes).
    Removing stm32f10x_tim.o(i.TIM_PrescalerConfig), (6 bytes).
    Removing stm32f10x_tim.o(i.TIM_SelectCCDMA), (24 bytes).
    Removing stm32f10x_tim.o(i.TIM_SelectCOM), (24 bytes).
    Removing stm32f10x_tim.o(i.TIM_SelectHallSensor), (24 bytes).
    Removing stm32f10x_tim.o(i.TIM_SelectInputTrigger), (18 bytes).
    Removing stm32f10x_tim.o(i.TIM_SelectMasterSlaveMode), (18 bytes).
    Removing stm32f10x_tim.o(i.TIM_SelectOCxM), (82 bytes).
    Removing stm32f10x_tim.o(i.TIM_SelectOnePulseMode), (18 bytes).
    Removing stm32f10x_tim.o(i.TIM_SelectOutputTrigger), (18 bytes).
    Removing stm32f10x_tim.o(i.TIM_SelectSlaveMode), (18 bytes).
    Removing stm32f10x_tim.o(i.TIM_SetAutoreload), (4 bytes).
    Removing stm32f10x_tim.o(i.TIM_SetClockDivision), (18 bytes).
    Removing stm32f10x_tim.o(i.TIM_SetCompare1), (4 bytes).
    Removing stm32f10x_tim.o(i.TIM_SetCompare2), (4 bytes).
    Removing stm32f10x_tim.o(i.TIM_SetCompare3), (4 bytes).
    Removing stm32f10x_tim.o(i.TIM_SetCompare4), (6 bytes).
    Removing stm32f10x_tim.o(i.TIM_SetCounter), (4 bytes).
    Removing stm32f10x_tim.o(i.TIM_SetIC1Prescaler), (18 bytes).
    Removing stm32f10x_tim.o(i.TIM_SetIC2Prescaler), (26 bytes).
    Removing stm32f10x_tim.o(i.TIM_SetIC3Prescaler), (18 bytes).
    Removing stm32f10x_tim.o(i.TIM_SetIC4Prescaler), (26 bytes).
    Removing stm32f10x_tim.o(i.TIM_TIxExternalClockConfig), (62 bytes).
    Removing stm32f10x_tim.o(i.TIM_TimeBaseInit), (164 bytes).
    Removing stm32f10x_tim.o(i.TIM_TimeBaseStructInit), (18 bytes).
    Removing stm32f10x_tim.o(i.TIM_UpdateDisableConfig), (24 bytes).
    Removing stm32f10x_tim.o(i.TIM_UpdateRequestConfig), (24 bytes).
    Removing stm32f10x_usart.o(i.USART_ClearITPendingBit), (30 bytes).
    Removing stm32f10x_usart.o(i.USART_ClockInit), (34 bytes).
    Removing stm32f10x_usart.o(i.USART_ClockStructInit), (12 bytes).
    Removing stm32f10x_usart.o(i.USART_DMACmd), (18 bytes).
    Removing stm32f10x_usart.o(i.USART_DeInit), (156 bytes).
    Removing stm32f10x_usart.o(i.USART_HalfDuplexCmd), (24 bytes).
    Removing stm32f10x_usart.o(i.USART_Init), (216 bytes).
    Removing stm32f10x_usart.o(i.USART_IrDACmd), (24 bytes).
    Removing stm32f10x_usart.o(i.USART_IrDAConfig), (18 bytes).
    Removing stm32f10x_usart.o(i.USART_LINBreakDetectLengthConfig), (18 bytes).
    Removing stm32f10x_usart.o(i.USART_LINCmd), (24 bytes).
    Removing stm32f10x_usart.o(i.USART_OneBitMethodCmd), (24 bytes).
    Removing stm32f10x_usart.o(i.USART_OverSampling8Cmd), (22 bytes).
    Removing stm32f10x_usart.o(i.USART_ReceiverWakeUpCmd), (24 bytes).
    Removing stm32f10x_usart.o(i.USART_SendBreak), (10 bytes).
    Removing stm32f10x_usart.o(i.USART_SetAddress), (18 bytes).
    Removing stm32f10x_usart.o(i.USART_SetGuardTime), (16 bytes).
    Removing stm32f10x_usart.o(i.USART_SetPrescaler), (16 bytes).
    Removing stm32f10x_usart.o(i.USART_SmartCardCmd), (24 bytes).
    Removing stm32f10x_usart.o(i.USART_SmartCardNACKCmd), (24 bytes).
    Removing stm32f10x_usart.o(i.USART_StructInit), (24 bytes).
    Removing stm32f10x_usart.o(i.USART_WakeUpConfig), (18 bytes).
    Removing stm32f10x_wwdg.o(i.WWDG_ClearFlag), (12 bytes).
    Removing stm32f10x_wwdg.o(i.WWDG_DeInit), (22 bytes).
    Removing stm32f10x_wwdg.o(i.WWDG_Enable), (16 bytes).
    Removing stm32f10x_wwdg.o(i.WWDG_EnableIT), (12 bytes).
    Removing stm32f10x_wwdg.o(i.WWDG_GetFlagStatus), (12 bytes).
    Removing stm32f10x_wwdg.o(i.WWDG_SetCounter), (16 bytes).
    Removing stm32f10x_wwdg.o(i.WWDG_SetPrescaler), (24 bytes).
    Removing stm32f10x_wwdg.o(i.WWDG_SetWindowValue), (40 bytes).
    Removing delay.o(i.delay_us), (60 bytes).
    Removing sys.o(.emb_text), (6 bytes).
    Removing sys.o(i.Ex_NVIC_Config), (160 bytes).
    Removing sys.o(i.INTX_DISABLE), (4 bytes).
    Removing sys.o(i.INTX_ENABLE), (4 bytes).
    Removing sys.o(i.JTAG_Set), (48 bytes).
    Removing sys.o(i.MYRCC_DeInit), (104 bytes).
    Removing sys.o(i.MY_NVIC_SetVectorTable), (20 bytes).
    Removing sys.o(i.Stm32_Clock_Init), (144 bytes).
    Removing sys.o(i.Sys_Soft_Reset), (16 bytes).
    Removing sys.o(i.Sys_Standby), (76 bytes).
    Removing sys.o(i.WFI_SET), (4 bytes).
    Removing usart.o(i.Usart1_RecvByte), (32 bytes).
    Removing usart.o(i.Usart1_SendString), (42 bytes).
    Removing usart.o(i._sys_exit), (6 bytes).
    Removing usart.o(i.fputc), (28 bytes).
    Removing usart.o(.data), (4 bytes).
    Removing main.o(i.LED1_Blink), (40 bytes).
    Removing esp8266_modules.o(i.DeviceStartMode_Decide), (32 bytes).
    Removing esp8266_modules.o(i.compareChars), (32 bytes).
    Removing esp8266_modules.o(i.esp8266_quit_trans), (112 bytes).
    Removing esp8266_modules.o(i.esp8266_send_data), (92 bytes).
    Removing esp8266_modules.o(i.esp_8266_at_response), (40 bytes).
    Removing usart2.o(i.Usart2_SendString), (42 bytes).
    Removing my_clkconfig.o(i.HSE_SetSysClock), (118 bytes).
    Removing bsp_internal_flash.o(i.InternalFlash_Test), (136 bytes).
    Removing malloc.o(i.mem_free), (72 bytes).
    Removing malloc.o(i.mem_init), (44 bytes).
    Removing malloc.o(i.mem_malloc), (120 bytes).
    Removing malloc.o(i.mem_perused), (40 bytes).
    Removing malloc.o(i.myfree), (28 bytes).
    Removing malloc.o(i.mymalloc), (32 bytes).
    Removing malloc.o(i.mymemcpy), (26 bytes).
    Removing malloc.o(i.mymemset), (20 bytes).
    Removing malloc.o(i.myrealloc), (56 bytes).
    Removing malloc.o(.bss), (4352 bytes).
    Removing malloc.o(.constdata), (12 bytes).
    Removing malloc.o(.data), (20 bytes).

486 unused section(s) (total 24908 bytes) removed from the image.

==============================================================================

Image Symbol Table

    Local Symbols

    Symbol Name                              Value     Ov Type        Size  Object(Section)

    ../clib/microlib/division.c              0x00000000   Number         0  uldiv.o ABSOLUTE
    ../clib/microlib/division.c              0x00000000   Number         0  uidiv.o ABSOLUTE
    ../clib/microlib/init/entry.s            0x00000000   Number         0  entry11b.o ABSOLUTE
    ../clib/microlib/init/entry.s            0x00000000   Number         0  entry10b.o ABSOLUTE
    ../clib/microlib/init/entry.s            0x00000000   Number         0  entry8b.o ABSOLUTE
    ../clib/microlib/init/entry.s            0x00000000   Number         0  entry7b.o ABSOLUTE
    ../clib/microlib/init/entry.s            0x00000000   Number         0  entry5.o ABSOLUTE
    ../clib/microlib/init/entry.s            0x00000000   Number         0  entry.o ABSOLUTE
    ../clib/microlib/init/entry.s            0x00000000   Number         0  entry8a.o ABSOLUTE
    ../clib/microlib/init/entry.s            0x00000000   Number         0  entry11a.o ABSOLUTE
    ../clib/microlib/init/entry.s            0x00000000   Number         0  entry7a.o ABSOLUTE
    ../clib/microlib/init/entry.s            0x00000000   Number         0  entry2.o ABSOLUTE
    ../clib/microlib/init/entry.s            0x00000000   Number         0  entry9a.o ABSOLUTE
    ../clib/microlib/init/entry.s            0x00000000   Number         0  entry10a.o ABSOLUTE
    ../clib/microlib/init/entry.s            0x00000000   Number         0  entry9b.o ABSOLUTE
    ../clib/microlib/longlong.c              0x00000000   Number         0  llshl.o ABSOLUTE
    ../clib/microlib/longlong.c              0x00000000   Number         0  llushr.o ABSOLUTE
    ../clib/microlib/longlong.c              0x00000000   Number         0  llsshr.o ABSOLUTE
    ../clib/microlib/printf/printf.c         0x00000000   Number         0  printf7.o ABSOLUTE
    ../clib/microlib/printf/printf.c         0x00000000   Number         0  printf6.o ABSOLUTE
    ../clib/microlib/printf/printf.c         0x00000000   Number         0  printf5.o ABSOLUTE
    ../clib/microlib/printf/printf.c         0x00000000   Number         0  printf4.o ABSOLUTE
    ../clib/microlib/printf/printf.c         0x00000000   Number         0  printf3.o ABSOLUTE
    ../clib/microlib/printf/printf.c         0x00000000   Number         0  printf2.o ABSOLUTE
    ../clib/microlib/printf/printf.c         0x00000000   Number         0  printf1.o ABSOLUTE
    ../clib/microlib/printf/printf.c         0x00000000   Number         0  printf0.o ABSOLUTE
    ../clib/microlib/printf/printf.c         0x00000000   Number         0  printfb.o ABSOLUTE
    ../clib/microlib/printf/printf.c         0x00000000   Number         0  printfa.o ABSOLUTE
    ../clib/microlib/printf/printf.c         0x00000000   Number         0  printf8.o ABSOLUTE
    ../clib/microlib/printf/stubs.s          0x00000000   Number         0  stubs.o ABSOLUTE
    ../clib/microlib/string/memset.c         0x00000000   Number         0  memseta.o ABSOLUTE
    ../clib/microlib/string/strlen.c         0x00000000   Number         0  strlen.o ABSOLUTE
    ../clib/microlib/string/strncpy.c        0x00000000   Number         0  strncpy.o ABSOLUTE
    ../clib/microlib/string/strstr.c         0x00000000   Number         0  strstr.o ABSOLUTE
    ../clib/microlib/stubs.s                 0x00000000   Number         0  iusefp.o ABSOLUTE
    ../clib/microlib/stubs.s                 0x00000000   Number         0  useno.o ABSOLUTE
    ../fplib/microlib/fpadd.c                0x00000000   Number         0  fadd.o ABSOLUTE
    ../fplib/microlib/fpadd.c                0x00000000   Number         0  dadd.o ABSOLUTE
    ../fplib/microlib/fpdiv.c                0x00000000   Number         0  fdiv.o ABSOLUTE
    ../fplib/microlib/fpdiv.c                0x00000000   Number         0  ddiv.o ABSOLUTE
    ../fplib/microlib/fpepilogue.c           0x00000000   Number         0  fepilogue.o ABSOLUTE
    ../fplib/microlib/fpepilogue.c           0x00000000   Number         0  depilogue.o ABSOLUTE
    ../fplib/microlib/fpfix.c                0x00000000   Number         0  dfixul.o ABSOLUTE
    ../fplib/microlib/fpfix.c                0x00000000   Number         0  ffixui.o ABSOLUTE
    ../fplib/microlib/fpflt.c                0x00000000   Number         0  ffltui.o ABSOLUTE
    ../fplib/microlib/fpmul.c                0x00000000   Number         0  dmul.o ABSOLUTE
    ../fplib/microlib/fpmul.c                0x00000000   Number         0  fmul.o ABSOLUTE
    ..\ESP8266Modules\ESP8266_Modules.c      0x00000000   Number         0  esp8266_modules.o ABSOLUTE
    ..\ESP8266Modules\usart2.c               0x00000000   Number         0  usart2.o ABSOLUTE
    ..\HARDWARE\GPIOCONF\GPIOConf.c          0x00000000   Number         0  gpioconf.o ABSOLUTE
    ..\HARDWARE\internal_flash\bsp_internal_flash.c 0x00000000   Number         0  bsp_internal_flash.o ABSOLUTE
    ..\HARDWARE\myclock\my_clkconfig.c       0x00000000   Number         0  my_clkconfig.o ABSOLUTE
    ..\Libraries\CMSIS\core_cm3.c            0x00000000   Number         0  core_cm3.o ABSOLUTE
    ..\Libraries\CMSIS\startup\startup_stm32f10x_ld.s 0x00000000   Number         0  startup_stm32f10x_ld.o ABSOLUTE
    ..\Libraries\CMSIS\system_stm32f10x.c    0x00000000   Number         0  system_stm32f10x.o ABSOLUTE
    ..\Libraries\STM32F10x_StdPeriph_Driver\src\misc.c 0x00000000   Number         0  misc.o ABSOLUTE
    ..\Libraries\STM32F10x_StdPeriph_Driver\src\stm32f10x_adc.c 0x00000000   Number         0  stm32f10x_adc.o ABSOLUTE
    ..\Libraries\STM32F10x_StdPeriph_Driver\src\stm32f10x_bkp.c 0x00000000   Number         0  stm32f10x_bkp.o ABSOLUTE
    ..\Libraries\STM32F10x_StdPeriph_Driver\src\stm32f10x_can.c 0x00000000   Number         0  stm32f10x_can.o ABSOLUTE
    ..\Libraries\STM32F10x_StdPeriph_Driver\src\stm32f10x_cec.c 0x00000000   Number         0  stm32f10x_cec.o ABSOLUTE
    ..\Libraries\STM32F10x_StdPeriph_Driver\src\stm32f10x_crc.c 0x00000000   Number         0  stm32f10x_crc.o ABSOLUTE
    ..\Libraries\STM32F10x_StdPeriph_Driver\src\stm32f10x_dac.c 0x00000000   Number         0  stm32f10x_dac.o ABSOLUTE
    ..\Libraries\STM32F10x_StdPeriph_Driver\src\stm32f10x_dbgmcu.c 0x00000000   Number         0  stm32f10x_dbgmcu.o ABSOLUTE
    ..\Libraries\STM32F10x_StdPeriph_Driver\src\stm32f10x_dma.c 0x00000000   Number         0  stm32f10x_dma.o ABSOLUTE
    ..\Libraries\STM32F10x_StdPeriph_Driver\src\stm32f10x_exti.c 0x00000000   Number         0  stm32f10x_exti.o ABSOLUTE
    ..\Libraries\STM32F10x_StdPeriph_Driver\src\stm32f10x_flash.c 0x00000000   Number         0  stm32f10x_flash.o ABSOLUTE
    ..\Libraries\STM32F10x_StdPeriph_Driver\src\stm32f10x_fsmc.c 0x00000000   Number         0  stm32f10x_fsmc.o ABSOLUTE
    ..\Libraries\STM32F10x_StdPeriph_Driver\src\stm32f10x_gpio.c 0x00000000   Number         0  stm32f10x_gpio.o ABSOLUTE
    ..\Libraries\STM32F10x_StdPeriph_Driver\src\stm32f10x_i2c.c 0x00000000   Number         0  stm32f10x_i2c.o ABSOLUTE
    ..\Libraries\STM32F10x_StdPeriph_Driver\src\stm32f10x_iwdg.c 0x00000000   Number         0  stm32f10x_iwdg.o ABSOLUTE
    ..\Libraries\STM32F10x_StdPeriph_Driver\src\stm32f10x_pwr.c 0x00000000   Number         0  stm32f10x_pwr.o ABSOLUTE
    ..\Libraries\STM32F10x_StdPeriph_Driver\src\stm32f10x_rcc.c 0x00000000   Number         0  stm32f10x_rcc.o ABSOLUTE
    ..\Libraries\STM32F10x_StdPeriph_Driver\src\stm32f10x_rtc.c 0x00000000   Number         0  stm32f10x_rtc.o ABSOLUTE
    ..\Libraries\STM32F10x_StdPeriph_Driver\src\stm32f10x_sdio.c 0x00000000   Number         0  stm32f10x_sdio.o ABSOLUTE
    ..\Libraries\STM32F10x_StdPeriph_Driver\src\stm32f10x_spi.c 0x00000000   Number         0  stm32f10x_spi.o ABSOLUTE
    ..\Libraries\STM32F10x_StdPeriph_Driver\src\stm32f10x_tim.c 0x00000000   Number         0  stm32f10x_tim.o ABSOLUTE
    ..\Libraries\STM32F10x_StdPeriph_Driver\src\stm32f10x_usart.c 0x00000000   Number         0  stm32f10x_usart.o ABSOLUTE
    ..\Libraries\STM32F10x_StdPeriph_Driver\src\stm32f10x_wwdg.c 0x00000000   Number         0  stm32f10x_wwdg.o ABSOLUTE
    ..\MALLOC\malloc.c                       0x00000000   Number         0  malloc.o ABSOLUTE
    ..\SYSTEM\delay\delay.c                  0x00000000   Number         0  delay.o ABSOLUTE
    ..\SYSTEM\sys\sys.c                      0x00000000   Number         0  sys.o ABSOLUTE
    ..\SYSTEM\usart\usart.c                  0x00000000   Number         0  usart.o ABSOLUTE
    ..\USER\main.c                           0x00000000   Number         0  main.o ABSOLUTE
    ..\USER\stm32f10x_it.c                   0x00000000   Number         0  stm32f10x_it.o ABSOLUTE
    ..\\Libraries\\CMSIS\\core_cm3.c         0x00000000   Number         0  core_cm3.o ABSOLUTE
    ..\\SYSTEM\\sys\\sys.c                   0x00000000   Number         0  sys.o ABSOLUTE
    cdrcmple.s                               0x00000000   Number         0  cdrcmple.o ABSOLUTE
    dc.s                                     0x00000000   Number         0  dc.o ABSOLUTE
    handlers.s                               0x00000000   Number         0  handlers.o ABSOLUTE
    init.s                                   0x00000000   Number         0  init.o ABSOLUTE
    RESET                                    0x08000000   Section      236  startup_stm32f10x_ld.o(RESET)
    .ARM.Collect$$$$00000000                 0x080000ec   Section        0  entry.o(.ARM.Collect$$$$00000000)
    .ARM.Collect$$$$00000001                 0x080000ec   Section        4  entry2.o(.ARM.Collect$$$$00000001)
    .ARM.Collect$$$$00000004                 0x080000f0   Section        4  entry5.o(.ARM.Collect$$$$00000004)
    .ARM.Collect$$$$00000008                 0x080000f4   Section        0  entry7b.o(.ARM.Collect$$$$00000008)
    .ARM.Collect$$$$0000000A                 0x080000f4   Section        0  entry8b.o(.ARM.Collect$$$$0000000A)
    .ARM.Collect$$$$0000000B                 0x080000f4   Section        8  entry9a.o(.ARM.Collect$$$$0000000B)
    .ARM.Collect$$$$0000000D                 0x080000fc   Section        0  entry10a.o(.ARM.Collect$$$$0000000D)
    .ARM.Collect$$$$0000000F                 0x080000fc   Section        0  entry11a.o(.ARM.Collect$$$$0000000F)
    .ARM.Collect$$$$00002712                 0x080000fc   Section        4  entry2.o(.ARM.Collect$$$$00002712)
    __lit__00000000                          0x080000fc   Data           4  entry2.o(.ARM.Collect$$$$00002712)
    .text                                    0x08000100   Section       36  startup_stm32f10x_ld.o(.text)
    .text                                    0x08000124   Section        0  memseta.o(.text)
    .text                                    0x08000148   Section        0  strstr.o(.text)
    .text                                    0x0800016c   Section        0  strncpy.o(.text)
    .text                                    0x08000184   Section        0  strlen.o(.text)
    .text                                    0x08000192   Section        0  fadd.o(.text)
    .text                                    0x08000242   Section        0  fmul.o(.text)
    .text                                    0x080002a6   Section        0  fdiv.o(.text)
    .text                                    0x08000322   Section        0  ffltui.o(.text)
    .text                                    0x0800032c   Section        0  ffixui.o(.text)
    .text                                    0x08000354   Section        0  uidiv.o(.text)
    .text                                    0x08000380   Section        0  uldiv.o(.text)
    .text                                    0x080003e2   Section        0  iusefp.o(.text)
    .text                                    0x080003e2   Section        0  fepilogue.o(.text)
    .text                                    0x08000450   Section        0  dadd.o(.text)
    .text                                    0x0800059e   Section        0  dmul.o(.text)
    .text                                    0x08000682   Section        0  ddiv.o(.text)
    .text                                    0x08000760   Section        0  dfixul.o(.text)
    .text                                    0x08000790   Section       48  cdrcmple.o(.text)
    .text                                    0x080007c0   Section       36  init.o(.text)
    .text                                    0x080007e4   Section        0  llshl.o(.text)
    .text                                    0x08000802   Section        0  llushr.o(.text)
    .text                                    0x08000822   Section        0  llsshr.o(.text)
    .text                                    0x08000846   Section        0  depilogue.o(.text)
    i.BusFault_Handler                       0x08000900   Section        0  stm32f10x_it.o(i.BusFault_Handler)
    i.CharArray_NullInit                     0x08000904   Section        0  esp8266_modules.o(i.CharArray_NullInit)
    CharArray_NullInit                       0x08000905   Thumb Code    20  esp8266_modules.o(i.CharArray_NullInit)
    i.DebugMon_Handler                       0x08000918   Section        0  stm32f10x_it.o(i.DebugMon_Handler)
    i.DeviceInfo_ReadtoFLASH                 0x0800091c   Section        0  esp8266_modules.o(i.DeviceInfo_ReadtoFLASH)
    i.ESP8266_APServer_Build                 0x080009cc   Section        0  esp8266_modules.o(i.ESP8266_APServer_Build)
    i.ESP8266_GetChipID                      0x08000a7c   Section        0  esp8266_modules.o(i.ESP8266_GetChipID)
    i.ESP8266_Net_Mode_Choose                0x08000ac8   Section        0  esp8266_modules.o(i.ESP8266_Net_Mode_Choose)
    ESP8266_Net_Mode_Choose                  0x08000ac9   Thumb Code    56  esp8266_modules.o(i.ESP8266_Net_Mode_Choose)
    i.ESP8266_ReceiveString                  0x08000b28   Section        0  esp8266_modules.o(i.ESP8266_ReceiveString)
    i.ESP8266_Rst                            0x08000b74   Section        0  esp8266_modules.o(i.ESP8266_Rst)
    ESP8266_Rst                              0x08000b75   Thumb Code    16  esp8266_modules.o(i.ESP8266_Rst)
    i.ESP8266_STAClient_Build                0x08000b90   Section        0  esp8266_modules.o(i.ESP8266_STAClient_Build)
    i.ESP8266_SendByteArr                    0x08000c94   Section        0  esp8266_modules.o(i.ESP8266_SendByteArr)
    i.ESP8266_SendString                     0x08000d14   Section        0  esp8266_modules.o(i.ESP8266_SendString)
    i.FLASH_ClearFlag                        0x08000da8   Section        0  stm32f10x_flash.o(i.FLASH_ClearFlag)
    i.FLASH_ErasePage                        0x08000db4   Section        0  stm32f10x_flash.o(i.FLASH_ErasePage)
    i.FLASH_GetBank1Status                   0x08000e00   Section        0  stm32f10x_flash.o(i.FLASH_GetBank1Status)
    i.FLASH_Lock                             0x08000e34   Section        0  stm32f10x_flash.o(i.FLASH_Lock)
    i.FLASH_PrefetchBufferCmd                0x08000e48   Section        0  stm32f10x_flash.o(i.FLASH_PrefetchBufferCmd)
    i.FLASH_ProgramWord                      0x08000e64   Section        0  stm32f10x_flash.o(i.FLASH_ProgramWord)
    i.FLASH_SetLatency                       0x08000ed0   Section        0  stm32f10x_flash.o(i.FLASH_SetLatency)
    i.FLASH_Unlock                           0x08000ee8   Section        0  stm32f10x_flash.o(i.FLASH_Unlock)
    i.FLASH_WaitForLastOperation             0x08000f00   Section        0  stm32f10x_flash.o(i.FLASH_WaitForLastOperation)
    i.GPIO_Config                            0x08000f28   Section        0  gpioconf.o(i.GPIO_Config)
    i.GPIO_Init                              0x08000f7c   Section        0  stm32f10x_gpio.o(i.GPIO_Init)
    i.GPIO_SetBits                           0x08001092   Section        0  stm32f10x_gpio.o(i.GPIO_SetBits)
    i.HSI_SetSysClock                        0x08001098   Section        0  my_clkconfig.o(i.HSI_SetSysClock)
    i.HardFault_Handler                      0x08001110   Section        0  stm32f10x_it.o(i.HardFault_Handler)
    i.InitDevice_WithApp                     0x08001114   Section        0  esp8266_modules.o(i.InitDevice_WithApp)
    i.MY_NVIC_Init                           0x080014e8   Section        0  sys.o(i.MY_NVIC_Init)
    i.MY_NVIC_PriorityGroupConfig            0x08001560   Section        0  sys.o(i.MY_NVIC_PriorityGroupConfig)
    i.MemManage_Handler                      0x08001588   Section        0  stm32f10x_it.o(i.MemManage_Handler)
    i.NMI_Handler                            0x0800158c   Section        0  stm32f10x_it.o(i.NMI_Handler)
    i.PendSV_Handler                         0x0800158e   Section        0  stm32f10x_it.o(i.PendSV_Handler)
    i.RCC_APB2PeriphClockCmd                 0x08001590   Section        0  stm32f10x_rcc.o(i.RCC_APB2PeriphClockCmd)
    i.RCC_DeInit                             0x080015b0   Section        0  stm32f10x_rcc.o(i.RCC_DeInit)
    i.RCC_GetFlagStatus                      0x080015fc   Section        0  stm32f10x_rcc.o(i.RCC_GetFlagStatus)
    i.RCC_GetSYSCLKSource                    0x08001638   Section        0  stm32f10x_rcc.o(i.RCC_GetSYSCLKSource)
    i.RCC_HCLKConfig                         0x08001648   Section        0  stm32f10x_rcc.o(i.RCC_HCLKConfig)
    i.RCC_HSICmd                             0x08001660   Section        0  stm32f10x_rcc.o(i.RCC_HSICmd)
    i.RCC_PCLK1Config                        0x0800166c   Section        0  stm32f10x_rcc.o(i.RCC_PCLK1Config)
    i.RCC_PCLK2Config                        0x08001684   Section        0  stm32f10x_rcc.o(i.RCC_PCLK2Config)
    i.RCC_PLLCmd                             0x0800169c   Section        0  stm32f10x_rcc.o(i.RCC_PLLCmd)
    i.RCC_PLLConfig                          0x080016a8   Section        0  stm32f10x_rcc.o(i.RCC_PLLConfig)
    i.RCC_SYSCLKConfig                       0x080016c4   Section        0  stm32f10x_rcc.o(i.RCC_SYSCLKConfig)
    i.STMFLASH_Read                          0x080016dc   Section        0  bsp_internal_flash.o(i.STMFLASH_Read)
    i.STMFLASH_Write                         0x0800170c   Section        0  bsp_internal_flash.o(i.STMFLASH_Write)
    i.SVC_Handler                            0x08001758   Section        0  stm32f10x_it.o(i.SVC_Handler)
    i.SetSysClock                            0x0800175a   Section        0  system_stm32f10x.o(i.SetSysClock)
    SetSysClock                              0x0800175b   Thumb Code     8  system_stm32f10x.o(i.SetSysClock)
    i.SetSysClockTo72                        0x08001764   Section        0  system_stm32f10x.o(i.SetSysClockTo72)
    SetSysClockTo72                          0x08001765   Thumb Code   214  system_stm32f10x.o(i.SetSysClockTo72)
    i.Set_FixMode_STAClient                  0x08001844   Section        0  esp8266_modules.o(i.Set_FixMode_STAClient)
    i.Set_InitMode_APSever                   0x080018a0   Section        0  esp8266_modules.o(i.Set_InitMode_APSever)
    i.SysTick_Handler                        0x080018c0   Section        0  stm32f10x_it.o(i.SysTick_Handler)
    i.SystemInit                             0x080018c4   Section        0  system_stm32f10x.o(i.SystemInit)
    i.TIM3_IRQHandler                        0x08001924   Section        0  usart.o(i.TIM3_IRQHandler)
    i.TIM3_Init                              0x08001958   Section        0  usart.o(i.TIM3_Init)
    i.TIM3_Set                               0x080019a8   Section        0  usart.o(i.TIM3_Set)
    i.USART1_IRQHandler                      0x080019d8   Section        0  stm32f10x_it.o(i.USART1_IRQHandler)
    i.USART2_FirstConfig                     0x08001a38   Section        0  usart2.o(i.USART2_FirstConfig)
    i.USART2_IRQHandler                      0x08001a74   Section        0  stm32f10x_it.o(i.USART2_IRQHandler)
    i.USART2_Init                            0x08001b04   Section        0  usart2.o(i.USART2_Init)
    i.USART_ClearFlag                        0x08001bb0   Section        0  stm32f10x_usart.o(i.USART_ClearFlag)
    i.USART_Cmd                              0x08001bc2   Section        0  stm32f10x_usart.o(i.USART_Cmd)
    i.USART_GetFlagStatus                    0x08001bda   Section        0  stm32f10x_usart.o(i.USART_GetFlagStatus)
    i.USART_GetITStatus                      0x08001bf4   Section        0  stm32f10x_usart.o(i.USART_GetITStatus)
    i.USART_ITConfig                         0x08001c48   Section        0  stm32f10x_usart.o(i.USART_ITConfig)
    i.USART_ReceiveData                      0x08001c92   Section        0  stm32f10x_usart.o(i.USART_ReceiveData)
    i.USART_SendData                         0x08001c9c   Section        0  stm32f10x_usart.o(i.USART_SendData)
    i.UsageFault_Handler                     0x08001ca4   Section        0  stm32f10x_it.o(i.UsageFault_Handler)
    i.Usart1_RxIT_Disable                    0x08001ca8   Section        0  usart.o(i.Usart1_RxIT_Disable)
    i.Usart1_RxIT_Enable                     0x08001cbc   Section        0  usart.o(i.Usart1_RxIT_Enable)
    i.Usart1_SendByte                        0x08001cd0   Section        0  usart.o(i.Usart1_SendByte)
    i.Usart2_RxIT_Disable                    0x08001cf0   Section        0  usart2.o(i.Usart2_RxIT_Disable)
    i.Usart2_RxIT_Enable                     0x08001d04   Section        0  usart2.o(i.Usart2_RxIT_Enable)
    i.Usart2_SendByte                        0x08001d18   Section        0  usart2.o(i.Usart2_SendByte)
    i.Usart2_SendByteArr                     0x08001d36   Section        0  usart2.o(i.Usart2_SendByteArr)
    i.__0sprintf$3                           0x08001d68   Section        0  printf3.o(i.__0sprintf$3)
    i.__0vsprintf                            0x08001d90   Section        0  printfa.o(i.__0vsprintf)
    i.__scatterload_copy                     0x08001db4   Section       14  handlers.o(i.__scatterload_copy)
    i.__scatterload_null                     0x08001dc2   Section        2  handlers.o(i.__scatterload_null)
    i.__scatterload_zeroinit                 0x08001dc4   Section       14  handlers.o(i.__scatterload_zeroinit)
    i._fp_digits                             0x08001dd4   Section        0  printfa.o(i._fp_digits)
    _fp_digits                               0x08001dd5   Thumb Code   366  printfa.o(i._fp_digits)
    i._printf_core                           0x08001f58   Section        0  printf3.o(i._printf_core)
    _printf_core                             0x08001f59   Thumb Code   436  printf3.o(i._printf_core)
    i._printf_core                           0x08002110   Section        0  printfa.o(i._printf_core)
    _printf_core                             0x08002111   Thumb Code  1744  printfa.o(i._printf_core)
    i._printf_post_padding                   0x080027ec   Section        0  printfa.o(i._printf_post_padding)
    _printf_post_padding                     0x080027ed   Thumb Code    36  printfa.o(i._printf_post_padding)
    i._printf_pre_padding                    0x08002810   Section        0  printfa.o(i._printf_pre_padding)
    _printf_pre_padding                      0x08002811   Thumb Code    46  printfa.o(i._printf_pre_padding)
    i._sputc                                 0x0800283e   Section        0  printf3.o(i._sputc)
    _sputc                                   0x0800283f   Thumb Code    10  printf3.o(i._sputc)
    i._sputc                                 0x08002848   Section        0  printfa.o(i._sputc)
    _sputc                                   0x08002849   Thumb Code    10  printfa.o(i._sputc)
    i.delay_init                             0x08002854   Section        0  delay.o(i.delay_init)
    i.delay_ms                               0x08002894   Section        0  delay.o(i.delay_ms)
    i.esp8266_check_cmd                      0x080028d0   Section        0  esp8266_modules.o(i.esp8266_check_cmd)
    i.esp8266_check_data                     0x08002904   Section        0  esp8266_modules.o(i.esp8266_check_data)
    i.esp8266_send_cmd                       0x08002950   Section        0  esp8266_modules.o(i.esp8266_send_cmd)
    i.main                                   0x080029d8   Section        0  main.o(i.main)
    i.u1_printf                              0x08002c78   Section        0  usart.o(i.u1_printf)
    i.usart1_init                            0x08002cc8   Section        0  usart.o(i.usart1_init)
    .data                                    0x20000000   Section        4  delay.o(.data)
    fac_us                                   0x20000000   Data           1  delay.o(.data)
    fac_ms                                   0x20000002   Data           2  delay.o(.data)
    .data                                    0x20000004   Section       74  main.o(.data)
    .data                                    0x2000004e   Section        3  stm32f10x_it.o(.data)
    .data                                    0x20000054   Section       57  esp8266_modules.o(.data)
    .data                                    0x2000008e   Section        3  usart2.o(.data)
    .bss                                     0x20000098   Section     1024  usart.o(.bss)
    .bss                                     0x20000498   Section      100  main.o(.bss)
    .bss                                     0x200004fc   Section     1024  stm32f10x_it.o(.bss)
    .bss                                     0x200008fc   Section      600  esp8266_modules.o(.bss)
    .bss                                     0x20000b58   Section     1074  usart2.o(.bss)
    STACK                                    0x20000f90   Section     1024  startup_stm32f10x_ld.o(STACK)

    Global Symbols

    Symbol Name                              Value     Ov Type        Size  Object(Section)

    BuildAttributes$$THM_ISAv4$P$D$K$B$S$PE$A:L22UL41UL21$X:L11$S22US41US21$IEEE1$IW$USESV6$~STKCKD$USESV7$~SHL$OTIME$ROPI$EBA8$MICROLIB$REQ8$PRES8$EABIv2 0x00000000   Number         0  anon$$obj.o ABSOLUTE
    __ARM_use_no_argv                        0x00000000   Number         0  main.o ABSOLUTE
    __use_no_errno                           0x00000000   Number         0  useno.o ABSOLUTE
    __use_no_exception_handling              0x00000000   Number         0  useno.o ABSOLUTE
    __use_no_fp                              0x00000000   Number         0  useno.o ABSOLUTE
    __use_no_heap                            0x00000000   Number         0  useno.o ABSOLUTE
    __use_no_heap_region                     0x00000000   Number         0  useno.o ABSOLUTE
    __use_no_semihosting                     0x00000000   Number         0  useno.o ABSOLUTE
    __use_no_semihosting_swi                 0x00000000   Number         0  useno.o ABSOLUTE
    __use_no_signal_handling                 0x00000000   Number         0  useno.o ABSOLUTE
    _printf_a                                0x00000000   Number         0  stubs.o ABSOLUTE
    _printf_c                                0x00000000   Number         0  stubs.o ABSOLUTE
    _printf_charcount                        0x00000000   Number         0  stubs.o ABSOLUTE
    _printf_d                                0x00000000   Number         0  stubs.o ABSOLUTE
    _printf_e                                0x00000000   Number         0  stubs.o ABSOLUTE
    _printf_f                                0x00000000   Number         0  stubs.o ABSOLUTE
    _printf_flags                            0x00000000   Number         0  stubs.o ABSOLUTE
    _printf_fp_dec                           0x00000000   Number         0  stubs.o ABSOLUTE
    _printf_fp_hex                           0x00000000   Number         0  stubs.o ABSOLUTE
    _printf_g                                0x00000000   Number         0  stubs.o ABSOLUTE
    _printf_i                                0x00000000   Number         0  stubs.o ABSOLUTE
    _printf_int_dec                          0x00000000   Number         0  stubs.o ABSOLUTE
    _printf_l                                0x00000000   Number         0  stubs.o ABSOLUTE
    _printf_lc                               0x00000000   Number         0  stubs.o ABSOLUTE
    _printf_ll                               0x00000000   Number         0  stubs.o ABSOLUTE
    _printf_lld                              0x00000000   Number         0  stubs.o ABSOLUTE
    _printf_lli                              0x00000000   Number         0  stubs.o ABSOLUTE
    _printf_llo                              0x00000000   Number         0  stubs.o ABSOLUTE
    _printf_llu                              0x00000000   Number         0  stubs.o ABSOLUTE
    _printf_llx                              0x00000000   Number         0  stubs.o ABSOLUTE
    _printf_longlong_dec                     0x00000000   Number         0  stubs.o ABSOLUTE
    _printf_longlong_hex                     0x00000000   Number         0  stubs.o ABSOLUTE
    _printf_longlong_oct                     0x00000000   Number         0  stubs.o ABSOLUTE
    _printf_ls                               0x00000000   Number         0  stubs.o ABSOLUTE
    _printf_mbtowc                           0x00000000   Number         0  stubs.o ABSOLUTE
    _printf_n                                0x00000000   Number         0  stubs.o ABSOLUTE
    _printf_o                                0x00000000   Number         0  stubs.o ABSOLUTE
    _printf_p                                0x00000000   Number         0  stubs.o ABSOLUTE
    _printf_percent                          0x00000000   Number         0  stubs.o ABSOLUTE
    _printf_pre_padding                      0x00000000   Number         0  stubs.o ABSOLUTE
    _printf_return_value                     0x00000000   Number         0  stubs.o ABSOLUTE
    _printf_s                                0x00000000   Number         0  stubs.o ABSOLUTE
    _printf_sizespec                         0x00000000   Number         0  stubs.o ABSOLUTE
    _printf_str                              0x00000000   Number         0  stubs.o ABSOLUTE
    _printf_truncate_signed                  0x00000000   Number         0  stubs.o ABSOLUTE
    _printf_truncate_unsigned                0x00000000   Number         0  stubs.o ABSOLUTE
    _printf_u                                0x00000000   Number         0  stubs.o ABSOLUTE
    _printf_wc                               0x00000000   Number         0  stubs.o ABSOLUTE
    _printf_wctomb                           0x00000000   Number         0  stubs.o ABSOLUTE
    _printf_widthprec                        0x00000000   Number         0  stubs.o ABSOLUTE
    _printf_x                                0x00000000   Number         0  stubs.o ABSOLUTE
    __cpp_initialize__aeabi_                  - Undefined Weak Reference
    __cxa_finalize                            - Undefined Weak Reference
    __decompress                              - Undefined Weak Reference
    _clock_init                               - Undefined Weak Reference
    _microlib_exit                            - Undefined Weak Reference
    __Vectors_Size                           0x000000ec   Number         0  startup_stm32f10x_ld.o ABSOLUTE
    __Vectors                                0x08000000   Data           4  startup_stm32f10x_ld.o(RESET)
    __Vectors_End                            0x080000ec   Data           0  startup_stm32f10x_ld.o(RESET)
    __main                                   0x080000ed   Thumb Code     0  entry.o(.ARM.Collect$$$$00000000)
    _main_stk                                0x080000ed   Thumb Code     0  entry2.o(.ARM.Collect$$$$00000001)
    _main_scatterload                        0x080000f1   Thumb Code     0  entry5.o(.ARM.Collect$$$$00000004)
    __main_after_scatterload                 0x080000f5   Thumb Code     0  entry5.o(.ARM.Collect$$$$00000004)
    _main_clock                              0x080000f5   Thumb Code     0  entry7b.o(.ARM.Collect$$$$00000008)
    _main_cpp_init                           0x080000f5   Thumb Code     0  entry8b.o(.ARM.Collect$$$$0000000A)
    _main_init                               0x080000f5   Thumb Code     0  entry9a.o(.ARM.Collect$$$$0000000B)
    __rt_final_cpp                           0x080000fd   Thumb Code     0  entry10a.o(.ARM.Collect$$$$0000000D)
    __rt_final_exit                          0x080000fd   Thumb Code     0  entry11a.o(.ARM.Collect$$$$0000000F)
    Reset_Handler                            0x08000101   Thumb Code     8  startup_stm32f10x_ld.o(.text)
    ADC1_2_IRQHandler                        0x0800011b   Thumb Code     0  startup_stm32f10x_ld.o(.text)
    CAN1_RX1_IRQHandler                      0x0800011b   Thumb Code     0  startup_stm32f10x_ld.o(.text)
    CAN1_SCE_IRQHandler                      0x0800011b   Thumb Code     0  startup_stm32f10x_ld.o(.text)
    DMA1_Channel1_IRQHandler                 0x0800011b   Thumb Code     0  startup_stm32f10x_ld.o(.text)
    DMA1_Channel2_IRQHandler                 0x0800011b   Thumb Code     0  startup_stm32f10x_ld.o(.text)
    DMA1_Channel3_IRQHandler                 0x0800011b   Thumb Code     0  startup_stm32f10x_ld.o(.text)
    DMA1_Channel4_IRQHandler                 0x0800011b   Thumb Code     0  startup_stm32f10x_ld.o(.text)
    DMA1_Channel5_IRQHandler                 0x0800011b   Thumb Code     0  startup_stm32f10x_ld.o(.text)
    DMA1_Channel6_IRQHandler                 0x0800011b   Thumb Code     0  startup_stm32f10x_ld.o(.text)
    DMA1_Channel7_IRQHandler                 0x0800011b   Thumb Code     0  startup_stm32f10x_ld.o(.text)
    EXTI0_IRQHandler                         0x0800011b   Thumb Code     0  startup_stm32f10x_ld.o(.text)
    EXTI15_10_IRQHandler                     0x0800011b   Thumb Code     0  startup_stm32f10x_ld.o(.text)
    EXTI1_IRQHandler                         0x0800011b   Thumb Code     0  startup_stm32f10x_ld.o(.text)
    EXTI2_IRQHandler                         0x0800011b   Thumb Code     0  startup_stm32f10x_ld.o(.text)
    EXTI3_IRQHandler                         0x0800011b   Thumb Code     0  startup_stm32f10x_ld.o(.text)
    EXTI4_IRQHandler                         0x0800011b   Thumb Code     0  startup_stm32f10x_ld.o(.text)
    EXTI9_5_IRQHandler                       0x0800011b   Thumb Code     0  startup_stm32f10x_ld.o(.text)
    FLASH_IRQHandler                         0x0800011b   Thumb Code     0  startup_stm32f10x_ld.o(.text)
    I2C1_ER_IRQHandler                       0x0800011b   Thumb Code     0  startup_stm32f10x_ld.o(.text)
    I2C1_EV_IRQHandler                       0x0800011b   Thumb Code     0  startup_stm32f10x_ld.o(.text)
    PVD_IRQHandler                           0x0800011b   Thumb Code     0  startup_stm32f10x_ld.o(.text)
    RCC_IRQHandler                           0x0800011b   Thumb Code     0  startup_stm32f10x_ld.o(.text)
    RTCAlarm_IRQHandler                      0x0800011b   Thumb Code     0  startup_stm32f10x_ld.o(.text)
    RTC_IRQHandler                           0x0800011b   Thumb Code     0  startup_stm32f10x_ld.o(.text)
    SPI1_IRQHandler                          0x0800011b   Thumb Code     0  startup_stm32f10x_ld.o(.text)
    TAMPER_IRQHandler                        0x0800011b   Thumb Code     0  startup_stm32f10x_ld.o(.text)
    TIM1_BRK_IRQHandler                      0x0800011b   Thumb Code     0  startup_stm32f10x_ld.o(.text)
    TIM1_CC_IRQHandler                       0x0800011b   Thumb Code     0  startup_stm32f10x_ld.o(.text)
    TIM1_TRG_COM_IRQHandler                  0x0800011b   Thumb Code     0  startup_stm32f10x_ld.o(.text)
    TIM1_UP_IRQHandler                       0x0800011b   Thumb Code     0  startup_stm32f10x_ld.o(.text)
    TIM2_IRQHandler                          0x0800011b   Thumb Code     0  startup_stm32f10x_ld.o(.text)
    USBWakeUp_IRQHandler                     0x0800011b   Thumb Code     0  startup_stm32f10x_ld.o(.text)
    USB_HP_CAN1_TX_IRQHandler                0x0800011b   Thumb Code     0  startup_stm32f10x_ld.o(.text)
    USB_LP_CAN1_RX0_IRQHandler               0x0800011b   Thumb Code     0  startup_stm32f10x_ld.o(.text)
    WWDG_IRQHandler                          0x0800011b   Thumb Code     0  startup_stm32f10x_ld.o(.text)
    __aeabi_memset                           0x08000125   Thumb Code    14  memseta.o(.text)
    __aeabi_memset4                          0x08000125   Thumb Code     0  memseta.o(.text)
    __aeabi_memset8                          0x08000125   Thumb Code     0  memseta.o(.text)
    __aeabi_memclr                           0x08000133   Thumb Code     4  memseta.o(.text)
    __aeabi_memclr4                          0x08000133   Thumb Code     0  memseta.o(.text)
    __aeabi_memclr8                          0x08000133   Thumb Code     0  memseta.o(.text)
    _memset$wrapper                          0x08000137   Thumb Code    18  memseta.o(.text)
    strstr                                   0x08000149   Thumb Code    36  strstr.o(.text)
    strncpy                                  0x0800016d   Thumb Code    24  strncpy.o(.text)
    strlen                                   0x08000185   Thumb Code    14  strlen.o(.text)
    __aeabi_fadd                             0x08000193   Thumb Code   164  fadd.o(.text)
    __aeabi_fsub                             0x08000237   Thumb Code     6  fadd.o(.text)
    __aeabi_frsub                            0x0800023d   Thumb Code     6  fadd.o(.text)
    __aeabi_fmul                             0x08000243   Thumb Code   100  fmul.o(.text)
    __aeabi_fdiv                             0x080002a7   Thumb Code   124  fdiv.o(.text)
    __aeabi_ui2f                             0x08000323   Thumb Code    10  ffltui.o(.text)
    __aeabi_f2uiz                            0x0800032d   Thumb Code    40  ffixui.o(.text)
    __aeabi_uidiv                            0x08000355   Thumb Code     0  uidiv.o(.text)
    __aeabi_uidivmod                         0x08000355   Thumb Code    44  uidiv.o(.text)
    __aeabi_uldivmod                         0x08000381   Thumb Code    98  uldiv.o(.text)
    __I$use$fp                               0x080003e3   Thumb Code     0  iusefp.o(.text)
    _float_round                             0x080003e3   Thumb Code    18  fepilogue.o(.text)
    _float_epilogue                          0x080003f5   Thumb Code    92  fepilogue.o(.text)
    __aeabi_dadd                             0x08000451   Thumb Code   322  dadd.o(.text)
    __aeabi_dsub                             0x08000593   Thumb Code     6  dadd.o(.text)
    __aeabi_drsub                            0x08000599   Thumb Code     6  dadd.o(.text)
    __aeabi_dmul                             0x0800059f   Thumb Code   228  dmul.o(.text)
    __aeabi_ddiv                             0x08000683   Thumb Code   222  ddiv.o(.text)
    __aeabi_d2ulz                            0x08000761   Thumb Code    48  dfixul.o(.text)
    __aeabi_cdrcmple                         0x08000791   Thumb Code    48  cdrcmple.o(.text)
    __scatterload                            0x080007c1   Thumb Code    28  init.o(.text)
    __scatterload_rt2                        0x080007c1   Thumb Code     0  init.o(.text)
    __aeabi_llsl                             0x080007e5   Thumb Code    30  llshl.o(.text)
    _ll_shift_l                              0x080007e5   Thumb Code     0  llshl.o(.text)
    __aeabi_llsr                             0x08000803   Thumb Code    32  llushr.o(.text)
    _ll_ushift_r                             0x08000803   Thumb Code     0  llushr.o(.text)
    __aeabi_lasr                             0x08000823   Thumb Code    36  llsshr.o(.text)
    _ll_sshift_r                             0x08000823   Thumb Code     0  llsshr.o(.text)
    _double_round                            0x08000847   Thumb Code    30  depilogue.o(.text)
    _double_epilogue                         0x08000865   Thumb Code   156  depilogue.o(.text)
    BusFault_Handler                         0x08000901   Thumb Code     4  stm32f10x_it.o(i.BusFault_Handler)
    DebugMon_Handler                         0x08000919   Thumb Code     2  stm32f10x_it.o(i.DebugMon_Handler)
    DeviceInfo_ReadtoFLASH                   0x0800091d   Thumb Code   120  esp8266_modules.o(i.DeviceInfo_ReadtoFLASH)
    ESP8266_APServer_Build                   0x080009cd   Thumb Code    84  esp8266_modules.o(i.ESP8266_APServer_Build)
    ESP8266_GetChipID                        0x08000a7d   Thumb Code    48  esp8266_modules.o(i.ESP8266_GetChipID)
    ESP8266_ReceiveString                    0x08000b29   Thumb Code    56  esp8266_modules.o(i.ESP8266_ReceiveString)
    ESP8266_STAClient_Build                  0x08000b91   Thumb Code   164  esp8266_modules.o(i.ESP8266_STAClient_Build)
    ESP8266_SendByteArr                      0x08000c95   Thumb Code    82  esp8266_modules.o(i.ESP8266_SendByteArr)
    ESP8266_SendString                       0x08000d15   Thumb Code    94  esp8266_modules.o(i.ESP8266_SendString)
    FLASH_ClearFlag                          0x08000da9   Thumb Code     6  stm32f10x_flash.o(i.FLASH_ClearFlag)
    FLASH_ErasePage                          0x08000db5   Thumb Code    72  stm32f10x_flash.o(i.FLASH_ErasePage)
    FLASH_GetBank1Status                     0x08000e01   Thumb Code    48  stm32f10x_flash.o(i.FLASH_GetBank1Status)
    FLASH_Lock                               0x08000e35   Thumb Code    14  stm32f10x_flash.o(i.FLASH_Lock)
    FLASH_PrefetchBufferCmd                  0x08000e49   Thumb Code    22  stm32f10x_flash.o(i.FLASH_PrefetchBufferCmd)
    FLASH_ProgramWord                        0x08000e65   Thumb Code   102  stm32f10x_flash.o(i.FLASH_ProgramWord)
    FLASH_SetLatency                         0x08000ed1   Thumb Code    18  stm32f10x_flash.o(i.FLASH_SetLatency)
    FLASH_Unlock                             0x08000ee9   Thumb Code    12  stm32f10x_flash.o(i.FLASH_Unlock)
    FLASH_WaitForLastOperation               0x08000f01   Thumb Code    38  stm32f10x_flash.o(i.FLASH_WaitForLastOperation)
    GPIO_Config                              0x08000f29   Thumb Code    74  gpioconf.o(i.GPIO_Config)
    GPIO_Init                                0x08000f7d   Thumb Code   278  stm32f10x_gpio.o(i.GPIO_Init)
    GPIO_SetBits                             0x08001093   Thumb Code     4  stm32f10x_gpio.o(i.GPIO_SetBits)
    HSI_SetSysClock                          0x08001099   Thumb Code   114  my_clkconfig.o(i.HSI_SetSysClock)
    HardFault_Handler                        0x08001111   Thumb Code     4  stm32f10x_it.o(i.HardFault_Handler)
    InitDevice_WithApp                       0x08001115   Thumb Code   814  esp8266_modules.o(i.InitDevice_WithApp)
    MY_NVIC_Init                             0x080014e9   Thumb Code   116  sys.o(i.MY_NVIC_Init)
    MY_NVIC_PriorityGroupConfig              0x08001561   Thumb Code    32  sys.o(i.MY_NVIC_PriorityGroupConfig)
    MemManage_Handler                        0x08001589   Thumb Code     4  stm32f10x_it.o(i.MemManage_Handler)
    NMI_Handler                              0x0800158d   Thumb Code     2  stm32f10x_it.o(i.NMI_Handler)
    PendSV_Handler                           0x0800158f   Thumb Code     2  stm32f10x_it.o(i.PendSV_Handler)
    RCC_APB2PeriphClockCmd                   0x08001591   Thumb Code    26  stm32f10x_rcc.o(i.RCC_APB2PeriphClockCmd)
    RCC_DeInit                               0x080015b1   Thumb Code    64  stm32f10x_rcc.o(i.RCC_DeInit)
    RCC_GetFlagStatus                        0x080015fd   Thumb Code    56  stm32f10x_rcc.o(i.RCC_GetFlagStatus)
    RCC_GetSYSCLKSource                      0x08001639   Thumb Code    10  stm32f10x_rcc.o(i.RCC_GetSYSCLKSource)
    RCC_HCLKConfig                           0x08001649   Thumb Code    18  stm32f10x_rcc.o(i.RCC_HCLKConfig)
    RCC_HSICmd                               0x08001661   Thumb Code     6  stm32f10x_rcc.o(i.RCC_HSICmd)
    RCC_PCLK1Config                          0x0800166d   Thumb Code    18  stm32f10x_rcc.o(i.RCC_PCLK1Config)
    RCC_PCLK2Config                          0x08001685   Thumb Code    20  stm32f10x_rcc.o(i.RCC_PCLK2Config)
    RCC_PLLCmd                               0x0800169d   Thumb Code     6  stm32f10x_rcc.o(i.RCC_PLLCmd)
    RCC_PLLConfig                            0x080016a9   Thumb Code    24  stm32f10x_rcc.o(i.RCC_PLLConfig)
    RCC_SYSCLKConfig                         0x080016c5   Thumb Code    18  stm32f10x_rcc.o(i.RCC_SYSCLKConfig)
    STMFLASH_Read                            0x080016dd   Thumb Code    46  bsp_internal_flash.o(i.STMFLASH_Read)
    STMFLASH_Write                           0x0800170d   Thumb Code    70  bsp_internal_flash.o(i.STMFLASH_Write)
    SVC_Handler                              0x08001759   Thumb Code     2  stm32f10x_it.o(i.SVC_Handler)
    Set_FixMode_STAClient                    0x08001845   Thumb Code    56  esp8266_modules.o(i.Set_FixMode_STAClient)
    Set_InitMode_APSever                     0x080018a1   Thumb Code    26  esp8266_modules.o(i.Set_InitMode_APSever)
    SysTick_Handler                          0x080018c1   Thumb Code     2  stm32f10x_it.o(i.SysTick_Handler)
    SystemInit                               0x080018c5   Thumb Code    78  system_stm32f10x.o(i.SystemInit)
    TIM3_IRQHandler                          0x08001925   Thumb Code    44  usart.o(i.TIM3_IRQHandler)
    TIM3_Init                                0x08001959   Thumb Code    72  usart.o(i.TIM3_Init)
    TIM3_Set                                 0x080019a9   Thumb Code    44  usart.o(i.TIM3_Set)
    USART1_IRQHandler                        0x080019d9   Thumb Code    80  stm32f10x_it.o(i.USART1_IRQHandler)
    USART2_FirstConfig                       0x08001a39   Thumb Code    44  usart2.o(i.USART2_FirstConfig)
    USART2_IRQHandler                        0x08001a75   Thumb Code   124  stm32f10x_it.o(i.USART2_IRQHandler)
    USART2_Init                              0x08001b05   Thumb Code   152  usart2.o(i.USART2_Init)
    USART_ClearFlag                          0x08001bb1   Thumb Code    18  stm32f10x_usart.o(i.USART_ClearFlag)
    USART_Cmd                                0x08001bc3   Thumb Code    24  stm32f10x_usart.o(i.USART_Cmd)
    USART_GetFlagStatus                      0x08001bdb   Thumb Code    26  stm32f10x_usart.o(i.USART_GetFlagStatus)
    USART_GetITStatus                        0x08001bf5   Thumb Code    84  stm32f10x_usart.o(i.USART_GetITStatus)
    USART_ITConfig                           0x08001c49   Thumb Code    74  stm32f10x_usart.o(i.USART_ITConfig)
    USART_ReceiveData                        0x08001c93   Thumb Code    10  stm32f10x_usart.o(i.USART_ReceiveData)
    USART_SendData                           0x08001c9d   Thumb Code     8  stm32f10x_usart.o(i.USART_SendData)
    UsageFault_Handler                       0x08001ca5   Thumb Code     4  stm32f10x_it.o(i.UsageFault_Handler)
    Usart1_RxIT_Disable                      0x08001ca9   Thumb Code    16  usart.o(i.Usart1_RxIT_Disable)
    Usart1_RxIT_Enable                       0x08001cbd   Thumb Code    16  usart.o(i.Usart1_RxIT_Enable)
    Usart1_SendByte                          0x08001cd1   Thumb Code    30  usart.o(i.Usart1_SendByte)
    Usart2_RxIT_Disable                      0x08001cf1   Thumb Code    16  usart2.o(i.Usart2_RxIT_Disable)
    Usart2_RxIT_Enable                       0x08001d05   Thumb Code    16  usart2.o(i.Usart2_RxIT_Enable)
    Usart2_SendByte                          0x08001d19   Thumb Code    30  usart2.o(i.Usart2_SendByte)
    Usart2_SendByteArr                       0x08001d37   Thumb Code    50  usart2.o(i.Usart2_SendByteArr)
    __0sprintf$3                             0x08001d69   Thumb Code    34  printf3.o(i.__0sprintf$3)
    __1sprintf$3                             0x08001d69   Thumb Code     0  printf3.o(i.__0sprintf$3)
    __2sprintf                               0x08001d69   Thumb Code     0  printf3.o(i.__0sprintf$3)
    __0vsprintf                              0x08001d91   Thumb Code    30  printfa.o(i.__0vsprintf)
    __1vsprintf                              0x08001d91   Thumb Code     0  printfa.o(i.__0vsprintf)
    __2vsprintf                              0x08001d91   Thumb Code     0  printfa.o(i.__0vsprintf)
    __c89vsprintf                            0x08001d91   Thumb Code     0  printfa.o(i.__0vsprintf)
    vsprintf                                 0x08001d91   Thumb Code     0  printfa.o(i.__0vsprintf)
    __scatterload_copy                       0x08001db5   Thumb Code    14  handlers.o(i.__scatterload_copy)
    __scatterload_null                       0x08001dc3   Thumb Code     2  handlers.o(i.__scatterload_null)
    __scatterload_zeroinit                   0x08001dc5   Thumb Code    14  handlers.o(i.__scatterload_zeroinit)
    delay_init                               0x08002855   Thumb Code    56  delay.o(i.delay_init)
    delay_ms                                 0x08002895   Thumb Code    56  delay.o(i.delay_ms)
    esp8266_check_cmd                        0x080028d1   Thumb Code    44  esp8266_modules.o(i.esp8266_check_cmd)
    esp8266_check_data                       0x08002905   Thumb Code    72  esp8266_modules.o(i.esp8266_check_data)
    esp8266_send_cmd                         0x08002951   Thumb Code   108  esp8266_modules.o(i.esp8266_send_cmd)
    main                                     0x080029d9   Thumb Code   476  main.o(i.main)
    u1_printf                                0x08002c79   Thumb Code    72  usart.o(i.u1_printf)
    usart1_init                              0x08002cc9   Thumb Code   224  usart.o(i.usart1_init)
    Region$$Table$$Base                      0x08002dbc   Number         0  anon$$obj.o(Region$$Table)
    Region$$Table$$Limit                     0x08002ddc   Number         0  anon$$obj.o(Region$$Table)
    UpTouchDown                              0x20000004   Data          11  main.o(.data)
    UpTouchRelease                           0x2000000f   Data          11  main.o(.data)
    DownTouchDown                            0x2000001a   Data          11  main.o(.data)
    DownTouchRelease                         0x20000025   Data          11  main.o(.data)
    SetTouchDown                             0x20000030   Data          11  main.o(.data)
    SetTouchRelease                          0x2000003b   Data          11  main.o(.data)
    DataHead                                 0x20000046   Data           8  main.o(.data)
    USART1_RX_STA                            0x2000004e   Data           2  stm32f10x_it.o(.data)
    RecvStart                                0x20000050   Data           1  stm32f10x_it.o(.data)
    myDefineDeviceVersion                    0x20000054   Data          20  esp8266_modules.o(.data)
    HubnameLength                            0x20000068   Data           1  esp8266_modules.o(.data)
    PasswordLength                           0x20000069   Data           1  esp8266_modules.o(.data)
    URLLength                                0x2000006a   Data           1  esp8266_modules.o(.data)
    PortNumLength                            0x2000006b   Data           1  esp8266_modules.o(.data)
    PinPasswordLength                        0x2000006c   Data           1  esp8266_modules.o(.data)
    DeviceVersLength                         0x2000006d   Data           1  esp8266_modules.o(.data)
    tempIndex                                0x2000006e   Data           1  esp8266_modules.o(.data)
    ptrCmp                                   0x20000070   Data           4  esp8266_modules.o(.data)
    ptrHubname                               0x20000074   Data           4  esp8266_modules.o(.data)
    ptrPassword                              0x20000078   Data           4  esp8266_modules.o(.data)
    ptrURL                                   0x2000007c   Data           4  esp8266_modules.o(.data)
    ptrPinCode                               0x20000080   Data           4  esp8266_modules.o(.data)
    ptrPORT                                  0x20000084   Data           4  esp8266_modules.o(.data)
    SerialNumber                             0x20000088   Data           5  esp8266_modules.o(.data)
    USART2_RX_STA                            0x2000008e   Data           2  usart2.o(.data)
    RecvFinishFlag                           0x20000090   Data           1  usart2.o(.data)
    USART1_TX_BUF                            0x20000098   Data        1024  usart.o(.bss)
    DataSendtoServer                         0x20000498   Data         100  main.o(.bss)
    USART1_RX_BUF                            0x200004fc   Data        1024  stm32f10x_it.o(.bss)
    strHubName                               0x200008fc   Data          20  esp8266_modules.o(.bss)
    strHubPass                               0x20000910   Data          20  esp8266_modules.o(.bss)
    serverURL                                0x20000924   Data          20  esp8266_modules.o(.bss)
    serverPort                               0x20000938   Data          20  esp8266_modules.o(.bss)
    PinPassword                              0x2000094c   Data          20  esp8266_modules.o(.bss)
    strDeviceVersion                         0x20000960   Data          20  esp8266_modules.o(.bss)
    SendStringINFO                           0x20000974   Data         200  esp8266_modules.o(.bss)
    SendStringUP                             0x20000a3c   Data          20  esp8266_modules.o(.bss)
    RecvStringUpdata                         0x20000a50   Data         200  esp8266_modules.o(.bss)
    ATcmd                                    0x20000b18   Data          50  esp8266_modules.o(.bss)
    ChipID                                   0x20000b4a   Data          10  esp8266_modules.o(.bss)
    USART2_TX_BUF                            0x20000b58   Data        1024  usart2.o(.bss)
    USART2_RX_BUF                            0x20000f58   Data          50  usart2.o(.bss)
    __initial_sp                             0x20001390   Data           0  startup_stm32f10x_ld.o(STACK)



==============================================================================

Memory Map of the image

  Image Entry point : 0x080000ed

  Load Region LR_IROM1 (Base: 0x08000000, Size: 0x00002e70, Max: 0x00008000, ABSOLUTE)

    Execution Region ER_IROM1 (Exec base: 0x08000000, Load base: 0x08000000, Size: 0x00002ddc, Max: 0x00008000, ABSOLUTE)

    Exec Addr    Load Addr    Size         Type   Attr      Idx    E Section Name        Object

    0x08000000   0x08000000   0x000000ec   Data   RO            3    RESET               startup_stm32f10x_ld.o
    0x080000ec   0x080000ec   0x00000000   Code   RO         3773  * .ARM.Collect$$$$00000000  mc_w.l(entry.o)
    0x080000ec   0x080000ec   0x00000004   Code   RO         4055    .ARM.Collect$$$$00000001  mc_w.l(entry2.o)
    0x080000f0   0x080000f0   0x00000004   Code   RO         4058    .ARM.Collect$$$$00000004  mc_w.l(entry5.o)
    0x080000f4   0x080000f4   0x00000000   Code   RO         4060    .ARM.Collect$$$$00000008  mc_w.l(entry7b.o)
    0x080000f4   0x080000f4   0x00000000   Code   RO         4062    .ARM.Collect$$$$0000000A  mc_w.l(entry8b.o)
    0x080000f4   0x080000f4   0x00000008   Code   RO         4063    .ARM.Collect$$$$0000000B  mc_w.l(entry9a.o)
    0x080000fc   0x080000fc   0x00000000   Code   RO         4065    .ARM.Collect$$$$0000000D  mc_w.l(entry10a.o)
    0x080000fc   0x080000fc   0x00000000   Code   RO         4067    .ARM.Collect$$$$0000000F  mc_w.l(entry11a.o)
    0x080000fc   0x080000fc   0x00000004   Code   RO         4056    .ARM.Collect$$$$00002712  mc_w.l(entry2.o)
    0x08000100   0x08000100   0x00000024   Code   RO            4    .text               startup_stm32f10x_ld.o
    0x08000124   0x08000124   0x00000024   Code   RO         3776    .text               mc_w.l(memseta.o)
    0x08000148   0x08000148   0x00000024   Code   RO         3778    .text               mc_w.l(strstr.o)
    0x0800016c   0x0800016c   0x00000018   Code   RO         3780    .text               mc_w.l(strncpy.o)
    0x08000184   0x08000184   0x0000000e   Code   RO         3782    .text               mc_w.l(strlen.o)
    0x08000192   0x08000192   0x000000b0   Code   RO         4045    .text               mf_w.l(fadd.o)
    0x08000242   0x08000242   0x00000064   Code   RO         4047    .text               mf_w.l(fmul.o)
    0x080002a6   0x080002a6   0x0000007c   Code   RO         4049    .text               mf_w.l(fdiv.o)
    0x08000322   0x08000322   0x0000000a   Code   RO         4051    .text               mf_w.l(ffltui.o)
    0x0800032c   0x0800032c   0x00000028   Code   RO         4053    .text               mf_w.l(ffixui.o)
    0x08000354   0x08000354   0x0000002c   Code   RO         4069    .text               mc_w.l(uidiv.o)
    0x08000380   0x08000380   0x00000062   Code   RO         4071    .text               mc_w.l(uldiv.o)
    0x080003e2   0x080003e2   0x00000000   Code   RO         4073    .text               mc_w.l(iusefp.o)
    0x080003e2   0x080003e2   0x0000006e   Code   RO         4074    .text               mf_w.l(fepilogue.o)
    0x08000450   0x08000450   0x0000014e   Code   RO         4076    .text               mf_w.l(dadd.o)
    0x0800059e   0x0800059e   0x000000e4   Code   RO         4078    .text               mf_w.l(dmul.o)
    0x08000682   0x08000682   0x000000de   Code   RO         4080    .text               mf_w.l(ddiv.o)
    0x08000760   0x08000760   0x00000030   Code   RO         4082    .text               mf_w.l(dfixul.o)
    0x08000790   0x08000790   0x00000030   Code   RO         4084    .text               mf_w.l(cdrcmple.o)
    0x080007c0   0x080007c0   0x00000024   Code   RO         4086    .text               mc_w.l(init.o)
    0x080007e4   0x080007e4   0x0000001e   Code   RO         4088    .text               mc_w.l(llshl.o)
    0x08000802   0x08000802   0x00000020   Code   RO         4090    .text               mc_w.l(llushr.o)
    0x08000822   0x08000822   0x00000024   Code   RO         4092    .text               mc_w.l(llsshr.o)
    0x08000846   0x08000846   0x000000ba   Code   RO         4094    .text               mf_w.l(depilogue.o)
    0x08000900   0x08000900   0x00000004   Code   RO         3367    i.BusFault_Handler  stm32f10x_it.o
    0x08000904   0x08000904   0x00000014   Code   RO         3457    i.CharArray_NullInit  esp8266_modules.o
    0x08000918   0x08000918   0x00000002   Code   RO         3368    i.DebugMon_Handler  stm32f10x_it.o
    0x0800091a   0x0800091a   0x00000002   PAD
    0x0800091c   0x0800091c   0x000000b0   Code   RO         3458    i.DeviceInfo_ReadtoFLASH  esp8266_modules.o
    0x080009cc   0x080009cc   0x000000b0   Code   RO         3460    i.ESP8266_APServer_Build  esp8266_modules.o
    0x08000a7c   0x08000a7c   0x0000004c   Code   RO         3461    i.ESP8266_GetChipID  esp8266_modules.o
    0x08000ac8   0x08000ac8   0x00000060   Code   RO         3462    i.ESP8266_Net_Mode_Choose  esp8266_modules.o
    0x08000b28   0x08000b28   0x0000004c   Code   RO         3463    i.ESP8266_ReceiveString  esp8266_modules.o
    0x08000b74   0x08000b74   0x0000001c   Code   RO         3464    i.ESP8266_Rst       esp8266_modules.o
    0x08000b90   0x08000b90   0x00000104   Code   RO         3465    i.ESP8266_STAClient_Build  esp8266_modules.o
    0x08000c94   0x08000c94   0x00000080   Code   RO         3466    i.ESP8266_SendByteArr  esp8266_modules.o
    0x08000d14   0x08000d14   0x00000094   Code   RO         3467    i.ESP8266_SendString  esp8266_modules.o
    0x08000da8   0x08000da8   0x0000000c   Code   RO          992    i.FLASH_ClearFlag   stm32f10x_flash.o
    0x08000db4   0x08000db4   0x0000004c   Code   RO          997    i.FLASH_ErasePage   stm32f10x_flash.o
    0x08000e00   0x08000e00   0x00000034   Code   RO          998    i.FLASH_GetBank1Status  stm32f10x_flash.o
    0x08000e34   0x08000e34   0x00000014   Code   RO         1007    i.FLASH_Lock        stm32f10x_flash.o
    0x08000e48   0x08000e48   0x0000001c   Code   RO         1009    i.FLASH_PrefetchBufferCmd  stm32f10x_flash.o
    0x08000e64   0x08000e64   0x0000006c   Code   RO         1012    i.FLASH_ProgramWord  stm32f10x_flash.o
    0x08000ed0   0x08000ed0   0x00000018   Code   RO         1014    i.FLASH_SetLatency  stm32f10x_flash.o
    0x08000ee8   0x08000ee8   0x00000018   Code   RO         1015    i.FLASH_Unlock      stm32f10x_flash.o
    0x08000f00   0x08000f00   0x00000026   Code   RO         1019    i.FLASH_WaitForLastOperation  stm32f10x_flash.o
    0x08000f26   0x08000f26   0x00000002   PAD
    0x08000f28   0x08000f28   0x00000054   Code   RO         3669    i.GPIO_Config       gpioconf.o
    0x08000f7c   0x08000f7c   0x00000116   Code   RO         1292    i.GPIO_Init         stm32f10x_gpio.o
    0x08001092   0x08001092   0x00000004   Code   RO         1300    i.GPIO_SetBits      stm32f10x_gpio.o
    0x08001096   0x08001096   0x00000002   PAD
    0x08001098   0x08001098   0x00000078   Code   RO         3652    i.HSI_SetSysClock   my_clkconfig.o
    0x08001110   0x08001110   0x00000004   Code   RO         3369    i.HardFault_Handler  stm32f10x_it.o
    0x08001114   0x08001114   0x000003d4   Code   RO         3468    i.InitDevice_WithApp  esp8266_modules.o
    0x080014e8   0x080014e8   0x00000078   Code   RO         3146    i.MY_NVIC_Init      sys.o
    0x08001560   0x08001560   0x00000028   Code   RO         3147    i.MY_NVIC_PriorityGroupConfig  sys.o
    0x08001588   0x08001588   0x00000004   Code   RO         3370    i.MemManage_Handler  stm32f10x_it.o
    0x0800158c   0x0800158c   0x00000002   Code   RO         3371    i.NMI_Handler       stm32f10x_it.o
    0x0800158e   0x0800158e   0x00000002   Code   RO         3372    i.PendSV_Handler    stm32f10x_it.o
    0x08001590   0x08001590   0x00000020   Code   RO         1710    i.RCC_APB2PeriphClockCmd  stm32f10x_rcc.o
    0x080015b0   0x080015b0   0x0000004c   Code   RO         1717    i.RCC_DeInit        stm32f10x_rcc.o
    0x080015fc   0x080015fc   0x0000003c   Code   RO         1719    i.RCC_GetFlagStatus  stm32f10x_rcc.o
    0x08001638   0x08001638   0x00000010   Code   RO         1721    i.RCC_GetSYSCLKSource  stm32f10x_rcc.o
    0x08001648   0x08001648   0x00000018   Code   RO         1722    i.RCC_HCLKConfig    stm32f10x_rcc.o
    0x08001660   0x08001660   0x0000000c   Code   RO         1724    i.RCC_HSICmd        stm32f10x_rcc.o
    0x0800166c   0x0800166c   0x00000018   Code   RO         1729    i.RCC_PCLK1Config   stm32f10x_rcc.o
    0x08001684   0x08001684   0x00000018   Code   RO         1730    i.RCC_PCLK2Config   stm32f10x_rcc.o
    0x0800169c   0x0800169c   0x0000000c   Code   RO         1731    i.RCC_PLLCmd        stm32f10x_rcc.o
    0x080016a8   0x080016a8   0x0000001c   Code   RO         1732    i.RCC_PLLConfig     stm32f10x_rcc.o
    0x080016c4   0x080016c4   0x00000018   Code   RO         1735    i.RCC_SYSCLKConfig  stm32f10x_rcc.o
    0x080016dc   0x080016dc   0x0000002e   Code   RO         3682    i.STMFLASH_Read     bsp_internal_flash.o
    0x0800170a   0x0800170a   0x00000002   PAD
    0x0800170c   0x0800170c   0x0000004c   Code   RO         3683    i.STMFLASH_Write    bsp_internal_flash.o
    0x08001758   0x08001758   0x00000002   Code   RO         3373    i.SVC_Handler       stm32f10x_it.o
    0x0800175a   0x0800175a   0x00000008   Code   RO           24    i.SetSysClock       system_stm32f10x.o
    0x08001762   0x08001762   0x00000002   PAD
    0x08001764   0x08001764   0x000000e0   Code   RO           25    i.SetSysClockTo72   system_stm32f10x.o
    0x08001844   0x08001844   0x0000005c   Code   RO         3469    i.Set_FixMode_STAClient  esp8266_modules.o
    0x080018a0   0x080018a0   0x00000020   Code   RO         3470    i.Set_InitMode_APSever  esp8266_modules.o
    0x080018c0   0x080018c0   0x00000002   Code   RO         3374    i.SysTick_Handler   stm32f10x_it.o
    0x080018c2   0x080018c2   0x00000002   PAD
    0x080018c4   0x080018c4   0x00000060   Code   RO           27    i.SystemInit        system_stm32f10x.o
    0x08001924   0x08001924   0x00000034   Code   RO         3222    i.TIM3_IRQHandler   usart.o
    0x08001958   0x08001958   0x00000050   Code   RO         3223    i.TIM3_Init         usart.o
    0x080019a8   0x080019a8   0x00000030   Code   RO         3224    i.TIM3_Set          usart.o
    0x080019d8   0x080019d8   0x00000060   Code   RO         3375    i.USART1_IRQHandler  stm32f10x_it.o
    0x08001a38   0x08001a38   0x0000003c   Code   RO         3596    i.USART2_FirstConfig  usart2.o
    0x08001a74   0x08001a74   0x00000090   Code   RO         3376    i.USART2_IRQHandler  stm32f10x_it.o
    0x08001b04   0x08001b04   0x000000ac   Code   RO         3597    i.USART2_Init       usart2.o
    0x08001bb0   0x08001bb0   0x00000012   Code   RO         2874    i.USART_ClearFlag   stm32f10x_usart.o
    0x08001bc2   0x08001bc2   0x00000018   Code   RO         2878    i.USART_Cmd         stm32f10x_usart.o
    0x08001bda   0x08001bda   0x0000001a   Code   RO         2881    i.USART_GetFlagStatus  stm32f10x_usart.o
    0x08001bf4   0x08001bf4   0x00000054   Code   RO         2882    i.USART_GetITStatus  stm32f10x_usart.o
    0x08001c48   0x08001c48   0x0000004a   Code   RO         2884    i.USART_ITConfig    stm32f10x_usart.o
    0x08001c92   0x08001c92   0x0000000a   Code   RO         2892    i.USART_ReceiveData  stm32f10x_usart.o
    0x08001c9c   0x08001c9c   0x00000008   Code   RO         2895    i.USART_SendData    stm32f10x_usart.o
    0x08001ca4   0x08001ca4   0x00000004   Code   RO         3377    i.UsageFault_Handler  stm32f10x_it.o
    0x08001ca8   0x08001ca8   0x00000014   Code   RO         3226    i.Usart1_RxIT_Disable  usart.o
    0x08001cbc   0x08001cbc   0x00000014   Code   RO         3227    i.Usart1_RxIT_Enable  usart.o
    0x08001cd0   0x08001cd0   0x0000001e   Code   RO         3228    i.Usart1_SendByte   usart.o
    0x08001cee   0x08001cee   0x00000002   PAD
    0x08001cf0   0x08001cf0   0x00000014   Code   RO         3598    i.Usart2_RxIT_Disable  usart2.o
    0x08001d04   0x08001d04   0x00000014   Code   RO         3599    i.Usart2_RxIT_Enable  usart2.o
    0x08001d18   0x08001d18   0x0000001e   Code   RO         3600    i.Usart2_SendByte   usart2.o
    0x08001d36   0x08001d36   0x00000032   Code   RO         3601    i.Usart2_SendByteArr  usart2.o
    0x08001d68   0x08001d68   0x00000028   Code   RO         3875    i.__0sprintf$3      mc_w.l(printf3.o)
    0x08001d90   0x08001d90   0x00000024   Code   RO         4023    i.__0vsprintf       mc_w.l(printfa.o)
    0x08001db4   0x08001db4   0x0000000e   Code   RO         4098    i.__scatterload_copy  mc_w.l(handlers.o)
    0x08001dc2   0x08001dc2   0x00000002   Code   RO         4099    i.__scatterload_null  mc_w.l(handlers.o)
    0x08001dc4   0x08001dc4   0x0000000e   Code   RO         4100    i.__scatterload_zeroinit  mc_w.l(handlers.o)
    0x08001dd2   0x08001dd2   0x00000002   PAD
    0x08001dd4   0x08001dd4   0x00000184   Code   RO         4024    i._fp_digits        mc_w.l(printfa.o)
    0x08001f58   0x08001f58   0x000001b8   Code   RO         3880    i._printf_core      mc_w.l(printf3.o)
    0x08002110   0x08002110   0x000006dc   Code   RO         4025    i._printf_core      mc_w.l(printfa.o)
    0x080027ec   0x080027ec   0x00000024   Code   RO         4026    i._printf_post_padding  mc_w.l(printfa.o)
    0x08002810   0x08002810   0x0000002e   Code   RO         4027    i._printf_pre_padding  mc_w.l(printfa.o)
    0x0800283e   0x0800283e   0x0000000a   Code   RO         3882    i._sputc            mc_w.l(printf3.o)
    0x08002848   0x08002848   0x0000000a   Code   RO         4029    i._sputc            mc_w.l(printfa.o)
    0x08002852   0x08002852   0x00000002   PAD
    0x08002854   0x08002854   0x00000040   Code   RO         3108    i.delay_init        delay.o
    0x08002894   0x08002894   0x0000003c   Code   RO         3109    i.delay_ms          delay.o
    0x080028d0   0x080028d0   0x00000034   Code   RO         3472    i.esp8266_check_cmd  esp8266_modules.o
    0x08002904   0x08002904   0x0000004c   Code   RO         3473    i.esp8266_check_data  esp8266_modules.o
    0x08002950   0x08002950   0x00000088   Code   RO         3475    i.esp8266_send_cmd  esp8266_modules.o
    0x080029d8   0x080029d8   0x000002a0   Code   RO         3330    i.main              main.o
    0x08002c78   0x08002c78   0x00000050   Code   RO         3232    i.u1_printf         usart.o
    0x08002cc8   0x08002cc8   0x000000f4   Code   RO         3233    i.usart1_init       usart.o
    0x08002dbc   0x08002dbc   0x00000020   Data   RO         4096    Region$$Table       anon$$obj.o


    Execution Region RW_IRAM1 (Exec base: 0x20000000, Load base: 0x08002ddc, Size: 0x00001390, Max: 0x00002800, ABSOLUTE)

    Exec Addr    Load Addr    Size         Type   Attr      Idx    E Section Name        Object

    0x20000000   0x08002ddc   0x00000004   Data   RW         3111    .data               delay.o
    0x20000004   0x08002de0   0x0000004a   Data   RW         3332    .data               main.o
    0x2000004e   0x08002e2a   0x00000003   Data   RW         3379    .data               stm32f10x_it.o
    0x20000051   0x08002e2d   0x00000003   PAD
    0x20000054   0x08002e30   0x00000039   Data   RW         3479    .data               esp8266_modules.o
    0x2000008d   0x08002e69   0x00000001   PAD
    0x2000008e   0x08002e6a   0x00000003   Data   RW         3604    .data               usart2.o
    0x20000091   0x08002e6d   0x00000007   PAD
    0x20000098        -       0x00000400   Zero   RW         3234    .bss                usart.o
    0x20000498        -       0x00000064   Zero   RW         3331    .bss                main.o
    0x200004fc        -       0x00000400   Zero   RW         3378    .bss                stm32f10x_it.o
    0x200008fc        -       0x00000258   Zero   RW         3478    .bss                esp8266_modules.o
    0x20000b54   0x08002e6d   0x00000004   PAD
    0x20000b58        -       0x00000432   Zero   RW         3603    .bss                usart2.o
    0x20000f8a   0x08002e6d   0x00000006   PAD
    0x20000f90        -       0x00000400   Zero   RW            1    STACK               startup_stm32f10x_ld.o


==============================================================================

Image component sizes


      Code (inc. data)   RO Data    RW Data    ZI Data      Debug   Object Name

       122          6          0          0          0       1913   bsp_internal_flash.o
         0          0          0          0          0       4508   core_cm3.o
       124         12          0          4          0       1196   delay.o
      2552        692          0         57        600      13060   esp8266_modules.o
        84         10          0          0          0        522   gpioconf.o
       672        196          0         74        100       2126   main.o
       120          6          0          0          0       1038   my_clkconfig.o
        36          8        236          0       1024        864   startup_stm32f10x_ld.o
       382         50          0          0          0       6861   stm32f10x_flash.o
       282          0          0          0          0       2627   stm32f10x_gpio.o
       266         36          0          3       1024       5770   stm32f10x_it.o
       332         66          0          0          0       6410   stm32f10x_rcc.o
       244          0          0          0          0       6170   stm32f10x_usart.o
       160         12          0          0          0       1257   sys.o
       328         28          0          0          0     224049   system_stm32f10x.o
       574         56          0          0       1024       6904   usart.o
       352         44          0          3       1074       4212   usart2.o

    ----------------------------------------------------------------------
      6644       1222        268        148       4860     289487   Object Totals
         0          0         32          0          0          0   (incl. Generated)
        14          0          0          7         14          0   (incl. Padding)

    ----------------------------------------------------------------------

      Code (inc. data)   RO Data    RW Data    ZI Data      Debug   Library Member Name

         0          0          0          0          0          0   entry.o
         0          0          0          0          0          0   entry10a.o
         0          0          0          0          0          0   entry11a.o
         8          4          0          0          0          0   entry2.o
         4          0          0          0          0          0   entry5.o
         0          0          0          0          0          0   entry7b.o
         0          0          0          0          0          0   entry8b.o
         8          4          0          0          0          0   entry9a.o
        30          0          0          0          0          0   handlers.o
        36          8          0          0          0         68   init.o
         0          0          0          0          0          0   iusefp.o
        30          0          0          0          0         68   llshl.o
        36          0          0          0          0         68   llsshr.o
        32          0          0          0          0         68   llushr.o
        36          0          0          0          0        108   memseta.o
       490         10          0          0          0        252   printf3.o
      2272         86          0          0          0        516   printfa.o
        14          0          0          0          0         68   strlen.o
        24          0          0          0          0         76   strncpy.o
        36          0          0          0          0         80   strstr.o
        44          0          0          0          0         80   uidiv.o
        98          0          0          0          0         92   uldiv.o
        48          0          0          0          0         68   cdrcmple.o
       334          0          0          0          0        148   dadd.o
       222          0          0          0          0        100   ddiv.o
       186          0          0          0          0        176   depilogue.o
        48          0          0          0          0         68   dfixul.o
       228          0          0          0          0         96   dmul.o
       176          0          0          0          0        140   fadd.o
       124          0          0          0          0         88   fdiv.o
       110          0          0          0          0        168   fepilogue.o
        40          0          0          0          0         68   ffixui.o
        10          0          0          0          0         68   ffltui.o
       100          0          0          0          0         76   fmul.o

    ----------------------------------------------------------------------
      4828        112          0          0          0       2808   Library Totals
         4          0          0          0          0          0   (incl. Padding)

    ----------------------------------------------------------------------

      Code (inc. data)   RO Data    RW Data    ZI Data      Debug   Library Name

      3198        112          0          0          0       1544   mc_w.l
      1626          0          0          0          0       1264   mf_w.l

    ----------------------------------------------------------------------
      4828        112          0          0          0       2808   Library Totals

    ----------------------------------------------------------------------

==============================================================================


      Code (inc. data)   RO Data    RW Data    ZI Data      Debug   

     11472       1334        268        148       4860     286935   Grand Totals
     11472       1334        268        148       4860     286935   ELF Image Totals
     11472       1334        268        148          0          0   ROM Totals

==============================================================================

    Total RO  Size (Code + RO Data)                11740 (  11.46kB)
    Total RW  Size (RW Data + ZI Data)              5008 (   4.89kB)
    Total ROM Size (Code + RO Data + RW Data)      11888 (  11.61kB)

==============================================================================

